Component: ARM Compiler 5.06 update 7 (build 960) Tool: armlink [4d3601]

==============================================================================

Section Cross References

    startup_stm32f407xx.o(STACK) refers (Special) to heapauxi.o(.text) for __use_two_region_memory
    startup_stm32f407xx.o(HEAP) refers (Special) to heapauxi.o(.text) for __use_two_region_memory
    startup_stm32f407xx.o(RESET) refers (Special) to heapauxi.o(.text) for __use_two_region_memory
    startup_stm32f407xx.o(RESET) refers to startup_stm32f407xx.o(STACK) for __initial_sp
    startup_stm32f407xx.o(RESET) refers to startup_stm32f407xx.o(.text) for Reset_Handler
    startup_stm32f407xx.o(RESET) refers to stm32f4xx_it.o(i.NMI_Handler) for NMI_Handler
    startup_stm32f407xx.o(RESET) refers to stm32f4xx_it.o(i.HardFault_Handler) for HardFault_Handler
    startup_stm32f407xx.o(RESET) refers to stm32f4xx_it.o(i.MemManage_Handler) for MemManage_Handler
    startup_stm32f407xx.o(RESET) refers to stm32f4xx_it.o(i.BusFault_Handler) for BusFault_Handler
    startup_stm32f407xx.o(RESET) refers to stm32f4xx_it.o(i.UsageFault_Handler) for UsageFault_Handler
    startup_stm32f407xx.o(RESET) refers to port.o(.emb_text) for SVC_Handler
    startup_stm32f407xx.o(RESET) refers to stm32f4xx_it.o(i.DebugMon_Handler) for DebugMon_Handler
    startup_stm32f407xx.o(RESET) refers to cmsis_os2.o(i.SysTick_Handler) for SysTick_Handler
    startup_stm32f407xx.o(RESET) refers to stm32f4xx_it.o(i.DMA1_Stream1_IRQHandler) for DMA1_Stream1_IRQHandler
    startup_stm32f407xx.o(RESET) refers to stm32f4xx_it.o(i.DMA1_Stream3_IRQHandler) for DMA1_Stream3_IRQHandler
    startup_stm32f407xx.o(RESET) refers to stm32f4xx_it.o(i.DMA1_Stream5_IRQHandler) for DMA1_Stream5_IRQHandler
    startup_stm32f407xx.o(RESET) refers to stm32f4xx_it.o(i.DMA1_Stream6_IRQHandler) for DMA1_Stream6_IRQHandler
    startup_stm32f407xx.o(RESET) refers to stm32f4xx_it.o(i.CAN1_TX_IRQHandler) for CAN1_TX_IRQHandler
    startup_stm32f407xx.o(RESET) refers to stm32f4xx_it.o(i.CAN1_RX0_IRQHandler) for CAN1_RX0_IRQHandler
    startup_stm32f407xx.o(RESET) refers to stm32f4xx_it.o(i.EXTI9_5_IRQHandler) for EXTI9_5_IRQHandler
    startup_stm32f407xx.o(RESET) refers to stm32f4xx_it.o(i.TIM3_IRQHandler) for TIM3_IRQHandler
    startup_stm32f407xx.o(RESET) refers to stm32f4xx_it.o(i.TIM4_IRQHandler) for TIM4_IRQHandler
    startup_stm32f407xx.o(RESET) refers to stm32f4xx_it.o(i.USART1_IRQHandler) for USART1_IRQHandler
    startup_stm32f407xx.o(RESET) refers to stm32f4xx_it.o(i.USART2_IRQHandler) for USART2_IRQHandler
    startup_stm32f407xx.o(RESET) refers to stm32f4xx_it.o(i.USART3_IRQHandler) for USART3_IRQHandler
    startup_stm32f407xx.o(RESET) refers to stm32f4xx_it.o(i.DMA2_Stream1_IRQHandler) for DMA2_Stream1_IRQHandler
    startup_stm32f407xx.o(RESET) refers to stm32f4xx_it.o(i.DMA2_Stream2_IRQHandler) for DMA2_Stream2_IRQHandler
    startup_stm32f407xx.o(RESET) refers to stm32f4xx_it.o(i.CAN2_TX_IRQHandler) for CAN2_TX_IRQHandler
    startup_stm32f407xx.o(RESET) refers to stm32f4xx_it.o(i.CAN2_RX0_IRQHandler) for CAN2_RX0_IRQHandler
    startup_stm32f407xx.o(RESET) refers to stm32f4xx_it.o(i.DMA2_Stream6_IRQHandler) for DMA2_Stream6_IRQHandler
    startup_stm32f407xx.o(RESET) refers to stm32f4xx_it.o(i.DMA2_Stream7_IRQHandler) for DMA2_Stream7_IRQHandler
    startup_stm32f407xx.o(RESET) refers to stm32f4xx_it.o(i.USART6_IRQHandler) for USART6_IRQHandler
    startup_stm32f407xx.o(.text) refers (Special) to heapauxi.o(.text) for __use_two_region_memory
    startup_stm32f407xx.o(.text) refers to system_stm32f4xx.o(i.SystemInit) for SystemInit
    startup_stm32f407xx.o(.text) refers to __main.o(!!!main) for __main
    startup_stm32f407xx.o(.text) refers to startup_stm32f407xx.o(HEAP) for Heap_Mem
    startup_stm32f407xx.o(.text) refers to startup_stm32f407xx.o(STACK) for Stack_Mem
    main.o(i.HAL_TIM_PeriodElapsedCallback) refers to stm32f4xx_hal.o(i.HAL_IncTick) for HAL_IncTick
    main.o(i.HAL_TIM_PeriodElapsedCallback) refers to drive_tim.o(i.Update_SystemTick) for Update_SystemTick
    main.o(i.SystemClock_Config) refers to rt_memclr_w.o(.text) for __aeabi_memclr4
    main.o(i.SystemClock_Config) refers to stm32f4xx_hal_rcc.o(i.HAL_RCC_OscConfig) for HAL_RCC_OscConfig
    main.o(i.SystemClock_Config) refers to main.o(i.Error_Handler) for Error_Handler
    main.o(i.SystemClock_Config) refers to stm32f4xx_hal_rcc.o(i.HAL_RCC_ClockConfig) for HAL_RCC_ClockConfig
    main.o(i.main) refers to stm32f4xx_hal.o(i.HAL_Init) for HAL_Init
    main.o(i.main) refers to main.o(i.SystemClock_Config) for SystemClock_Config
    main.o(i.main) refers to gpio.o(i.MX_GPIO_Init) for MX_GPIO_Init
    main.o(i.main) refers to dma.o(i.MX_DMA_Init) for MX_DMA_Init
    main.o(i.main) refers to can.o(i.MX_CAN1_Init) for MX_CAN1_Init
    main.o(i.main) refers to can.o(i.MX_CAN2_Init) for MX_CAN2_Init
    main.o(i.main) refers to usart.o(i.MX_USART1_UART_Init) for MX_USART1_UART_Init
[...]
    HAL_CAN_GetRxMessage                     0x08001097   Thumb Code   262  stm32f4xx_hal_can.o(i.HAL_CAN_GetRxMessage)
    HAL_CAN_GetTxMailboxesFreeLevel          0x0800119d   Thumb Code    44  stm32f4xx_hal_can.o(i.HAL_CAN_GetTxMailboxesFreeLevel)
    HAL_CAN_IRQHandler                       0x080011c9   Thumb Code   508  stm32f4xx_hal_can.o(i.HAL_CAN_IRQHandler)
    HAL_CAN_Init                             0x080013c5   Thumb Code   338  stm32f4xx_hal_can.o(i.HAL_CAN_Init)
    HAL_CAN_MspInit                          0x08001519   Thumb Code   268  can.o(i.HAL_CAN_MspInit)
    HAL_CAN_RxFifo0FullCallback              0x0800163d   Thumb Code     2  stm32f4xx_hal_can.o(i.HAL_CAN_RxFifo0FullCallback)
    HAL_CAN_RxFifo0MsgPendingCallback        0x08001641   Thumb Code    70  drive_can.o(i.HAL_CAN_RxFifo0MsgPendingCallback)
    HAL_CAN_RxFifo1FullCallback              0x08001699   Thumb Code     2  stm32f4xx_hal_can.o(i.HAL_CAN_RxFifo1FullCallback)
    HAL_CAN_RxFifo1MsgPendingCallback        0x0800169d   Thumb Code    70  drive_can.o(i.HAL_CAN_RxFifo1MsgPendingCallback)
    HAL_CAN_SleepCallback                    0x080016f5   Thumb Code     2  stm32f4xx_hal_can.o(i.HAL_CAN_SleepCallback)
    HAL_CAN_Start                            0x080016f7   Thumb Code    88  stm32f4xx_hal_can.o(i.HAL_CAN_Start)
    HAL_CAN_TxMailbox0AbortCallback          0x0800174f   Thumb Code     2  stm32f4xx_hal_can.o(i.HAL_CAN_TxMailbox0AbortCallback)
    HAL_CAN_TxMailbox0CompleteCallback       0x08001751   Thumb Code     2  stm32f4xx_hal_can.o(i.HAL_CAN_TxMailbox0CompleteCallback)
    HAL_CAN_TxMailbox1AbortCallback          0x08001753   Thumb Code     2  stm32f4xx_hal_can.o(i.HAL_CAN_TxMailbox1AbortCallback)
    HAL_CAN_TxMailbox1CompleteCallback       0x08001755   Thumb Code     2  stm32f4xx_hal_can.o(i.HAL_CAN_TxMailbox1CompleteCallback)
    HAL_CAN_TxMailbox2AbortCallback          0x08001757   Thumb Code     2  stm32f4xx_hal_can.o(i.HAL_CAN_TxMailbox2AbortCallback)
    HAL_CAN_TxMailbox2CompleteCallback       0x08001759   Thumb Code     2  stm32f4xx_hal_can.o(i.HAL_CAN_TxMailbox2CompleteCallback)
    HAL_CAN_WakeUpFromRxMsgCallback          0x0800175b   Thumb Code     2  stm32f4xx_hal_can.o(i.HAL_CAN_WakeUpFromRxMsgCallback)
    HAL_DMA_Abort                            0x0800175d   Thumb Code   142  stm32f4xx_hal_dma.o(i.HAL_DMA_Abort)
    HAL_DMA_Abort_IT                         0x080017eb   Thumb Code    36  stm32f4xx_hal_dma.o(i.HAL_DMA_Abort_IT)
    HAL_DMA_IRQHandler                       0x08001811   Thumb Code   460  stm32f4xx_hal_dma.o(i.HAL_DMA_IRQHandler)
    HAL_DMA_Init                             0x080019e1   Thumb Code   208  stm32f4xx_hal_dma.o(i.HAL_DMA_Init)
    HAL_DMA_Start_IT                         0x08001ab5   Thumb Code   110  stm32f4xx_hal_dma.o(i.HAL_DMA_Start_IT)
    HAL_GPIO_EXTI_Callback                   0x08001b25   Thumb Code    18  air_joy.o(i.HAL_GPIO_EXTI_Callback)
    HAL_GPIO_EXTI_IRQHandler                 0x08001b41   Thumb Code    18  stm32f4xx_hal_gpio.o(i.HAL_GPIO_EXTI_IRQHandler)
    HAL_GPIO_Init                            0x08001b59   Thumb Code   420  stm32f4xx_hal_gpio.o(i.HAL_GPIO_Init)
    HAL_GetTick                              0x08001d29   Thumb Code     6  stm32f4xx_hal.o(i.HAL_GetTick)
    HAL_IncTick                              0x08001d35   Thumb Code    12  stm32f4xx_hal.o(i.HAL_IncTick)
    HAL_Init                                 0x08001d45   Thumb Code    48  stm32f4xx_hal.o(i.HAL_Init)
    HAL_InitTick                             0x08001d79   Thumb Code   132  stm32f4xx_hal_timebase_tim.o(i.HAL_InitTick)
    HAL_MspInit                              0x08001e11   Thumb Code    52  stm32f4xx_hal_msp.o(i.HAL_MspInit)
    HAL_NVIC_EnableIRQ                       0x08001e49   Thumb Code    26  stm32f4xx_hal_cortex.o(i.HAL_NVIC_EnableIRQ)
    HAL_NVIC_SetPriority                     0x08001e65   Thumb Code    60  stm32f4xx_hal_cortex.o(i.HAL_NVIC_SetPriority)
    HAL_NVIC_SetPriorityGrouping             0x08001ea5   Thumb Code    26  stm32f4xx_hal_cortex.o(i.HAL_NVIC_SetPriorityGrouping)
    HAL_RCC_ClockConfig                      0x08001ec9   Thumb Code   310  stm32f4xx_hal_rcc.o(i.HAL_RCC_ClockConfig)
    HAL_RCC_GetClockConfig                   0x08002015   Thumb Code    52  stm32f4xx_hal_rcc.o(i.HAL_RCC_GetClockConfig)
    HAL_RCC_GetHCLKFreq                      0x08002051   Thumb Code     6  stm32f4xx_hal_rcc.o(i.HAL_RCC_GetHCLKFreq)
    HAL_RCC_GetPCLK1Freq                     0x0800205d   Thumb Code    22  stm32f4xx_hal_rcc.o(i.HAL_RCC_GetPCLK1Freq)
    HAL_RCC_GetPCLK2Freq                     0x0800207d   Thumb Code    22  stm32f4xx_hal_rcc.o(i.HAL_RCC_GetPCLK2Freq)
    HAL_RCC_GetSysClockFreq                  0x0800209d   Thumb Code    94  stm32f4xx_hal_rcc.o(i.HAL_RCC_GetSysClockFreq)
    HAL_RCC_OscConfig                        0x08002105   Thumb Code   942  stm32f4xx_hal_rcc.o(i.HAL_RCC_OscConfig)
    HAL_TIMEx_BreakCallback                  0x080024c5   Thumb Code     2  stm32f4xx_hal_tim_ex.o(i.HAL_TIMEx_BreakCallback)
    HAL_TIMEx_CommutCallback                 0x080024c7   Thumb Code     2  stm32f4xx_hal_tim_ex.o(i.HAL_TIMEx_CommutCallback)
    HAL_TIMEx_MasterConfigSynchronization    0x080024c9   Thumb Code   114  stm32f4xx_hal_tim_ex.o(i.HAL_TIMEx_MasterConfigSynchronization)
    HAL_TIM_Base_Init                        0x08002559   Thumb Code    74  stm32f4xx_hal_tim.o(i.HAL_TIM_Base_Init)
    HAL_TIM_Base_MspInit                     0x080025a5   Thumb Code    76  tim.o(i.HAL_TIM_Base_MspInit)
    HAL_TIM_Base_Start_IT                    0x080025fd   Thumb Code   110  stm32f4xx_hal_tim.o(i.HAL_TIM_Base_Start_IT)
    HAL_TIM_ConfigClockSource                0x08002689   Thumb Code   232  stm32f4xx_hal_tim.o(i.HAL_TIM_ConfigClockSource)
    HAL_TIM_IC_CaptureCallback               0x08002771   Thumb Code     2  stm32f4xx_hal_tim.o(i.HAL_TIM_IC_CaptureCallback)
    HAL_TIM_IRQHandler                       0x08002773   Thumb Code   366  stm32f4xx_hal_tim.o(i.HAL_TIM_IRQHandler)
    HAL_TIM_MspPostInit                      0x080028e1   Thumb Code    70  tim.o(i.HAL_TIM_MspPostInit)
    HAL_TIM_OC_DelayElapsedCallback          0x08002935   Thumb Code     2  stm32f4xx_hal_tim.o(i.HAL_TIM_OC_DelayElapsedCallback)
    HAL_TIM_PWM_ConfigChannel                0x08002937   Thumb Code   216  stm32f4xx_hal_tim.o(i.HAL_TIM_PWM_ConfigChannel)
    HAL_TIM_PWM_Init                         0x08002a0f   Thumb Code    74  stm32f4xx_hal_tim.o(i.HAL_TIM_PWM_Init)
    HAL_TIM_PWM_MspInit                      0x08002a59   Thumb Code     2  stm32f4xx_hal_tim.o(i.HAL_TIM_PWM_MspInit)
    HAL_TIM_PWM_PulseFinishedCallback        0x08002a5b   Thumb Code     2  stm32f4xx_hal_tim.o(i.HAL_TIM_PWM_PulseFinishedCallback)
    HAL_TIM_PWM_Start                        0x08002a5d   Thumb Code   190  stm32f4xx_hal_tim.o(i.HAL_TIM_PWM_Start)
    HAL_TIM_PeriodElapsedCallback            0x08002b39   Thumb Code    34  main.o(i.HAL_TIM_PeriodElapsedCallback)
    HAL_TIM_TriggerCallback                  0x08002b65   Thumb Code     2  stm32f4xx_hal_tim.o(i.HAL_TIM_TriggerCallback)
    HAL_UARTEx_RxEventCallback               0x08002b67   Thumb Code     2  stm32f4xx_hal_uart.o(i.HAL_UARTEx_RxEventCallback)
    HAL_UART_DMAStop                         0x08002b69   Thumb Code   112  stm32f4xx_hal_uart.o(i.HAL_UART_DMAStop)
    HAL_UART_ErrorCallback                   0x08002bd9   Thumb Code     2  stm32f4xx_hal_uart.o(i.HAL_UART_ErrorCallback)
    HAL_UART_IRQHandler                      0x08002bdd   Thumb Code   546  stm32f4xx_hal_uart.o(i.HAL_UART_IRQHandler)
    HAL_UART_Init                            0x08002e05   Thumb Code   100  stm32f4xx_hal_uart.o(i.HAL_UART_Init)
    HAL_UART_MspInit                         0x08002e69   Thumb Code   956  usart.o(i.HAL_UART_MspInit)
    HAL_UART_Receive_DMA                     0x08003259   Thumb Code    46  stm32f4xx_hal_uart.o(i.HAL_UART_Receive_DMA)
    HAL_UART_RxCpltCallback                  0x08003287   Thumb Code     2  stm32f4xx_hal_uart.o(i.HAL_UART_RxCpltCallback)
    HAL_UART_RxHalfCpltCallback              0x08003289   Thumb Code     2  stm32f4xx_hal_uart.o(i.HAL_UART_RxHalfCpltCallback)
    HAL_UART_TxCpltCallback                  0x0800328b   Thumb Code     2  stm32f4xx_hal_uart.o(i.HAL_UART_TxCpltCallback)
    HardFault_Handler                        0x0800328d   Thumb Code     2  stm32f4xx_it.o(i.HardFault_Handler)
    MX_CAN1_Init                             0x08003291   Thumb Code    60  can.o(i.MX_CAN1_Init)
    MX_CAN2_Init                             0x080032d5   Thumb Code    60  can.o(i.MX_CAN2_Init)
    MX_DMA_Init                              0x08003319   Thumb Code   168  dma.o(i.MX_DMA_Init)
    MX_FREERTOS_Init                         0x080033c5   Thumb Code    74  freertos.o(i.MX_FREERTOS_Init)
    MX_GPIO_Init                             0x0800342d   Thumb Code   136  gpio.o(i.MX_GPIO_Init)
    MX_TIM10_Init                            0x080034bd   Thumb Code    94  tim.o(i.MX_TIM10_Init)
    MX_TIM4_Init                             0x08003525   Thumb Code    94  tim.o(i.MX_TIM4_Init)
    MX_USART1_UART_Init                      0x0800358d   Thumb Code    48  usart.o(i.MX_USART1_UART_Init)
    MX_USART2_UART_Init                      0x080035c5   Thumb Code    48  usart.o(i.MX_USART2_UART_Init)
    MX_USART3_UART_Init                      0x080035fd   Thumb Code    48  usart.o(i.MX_USART3_UART_Init)
    MX_USART6_UART_Init                      0x08003635   Thumb Code    48  usart.o(i.MX_USART6_UART_Init)
    MemManage_Handler                        0x0800366d   Thumb Code     2  stm32f4xx_it.o(i.MemManage_Handler)
    NMI_Handler                              0x0800366f   Thumb Code     2  stm32f4xx_it.o(i.NMI_Handler)
    PWM_ReInit                               0x08003671   Thumb Code    28  drive_tim.o(i.PWM_ReInit)
    Set_PwmDuty                              0x0800368d   Thumb Code    42  drive_tim.o(i.Set_PwmDuty)
    SysTick_Handler                          0x080036b7   Thumb Code    26  cmsis_os2.o(i.SysTick_Handler)
    SystemClock_Config                       0x080036d1   Thumb Code   138  main.o(i.SystemClock_Config)
    SystemInit                               0x08003765   Thumb Code    12  system_stm32f4xx.o(i.SystemInit)
    System_Resource_Init                     0x08003775   Thumb Code   102  service_config.o(i.System_Resource_Init)
    TIM3_IRQHandler                          0x080037f5   Thumb Code     6  stm32f4xx_it.o(i.TIM3_IRQHandler)
    TIM4_IRQHandler                          0x08003801   Thumb Code     6  stm32f4xx_it.o(i.TIM4_IRQHandler)
    TIM_Base_SetConfig                       0x0800380d   Thumb Code   160  stm32f4xx_hal_tim.o(i.TIM_Base_SetConfig)
    TIM_CCxChannelCmd                        0x080038d9   Thumb Code    26  stm32f4xx_hal_tim.o(i.TIM_CCxChannelCmd)
    TIM_ETR_SetConfig                        0x080038f3   Thumb Code    20  stm32f4xx_hal_tim.o(i.TIM_ETR_SetConfig)
    TIM_OC2_SetConfig                        0x08003981   Thumb Code   106  stm32f4xx_hal_tim.o(i.TIM_OC2_SetConfig)
    Timer_Init                               0x08003b01   Thumb Code    22  drive_tim.o(i.Timer_Init)
    UART_Start_Receive_DMA                   0x08003e71   Thumb Code   138  stm32f4xx_hal_uart.o(i.UART_Start_Receive_DMA)
    USART1_IRQHandler                        0x08003f69   Thumb Code    18  stm32f4xx_it.o(i.USART1_IRQHandler)
    USART2_IRQHandler                        0x08003f85   Thumb Code    18  stm32f4xx_it.o(i.USART2_IRQHandler)
    USART3_IRQHandler                        0x08003fa1   Thumb Code    18  stm32f4xx_it.o(i.USART3_IRQHandler)
    USART6_IRQHandler                        0x08003fbd   Thumb Code    18  stm32f4xx_it.o(i.USART6_IRQHandler)
    Uart_Receive_Handler                     0x08003fd9   Thumb Code    18  drive_uart.o(i.Uart_Receive_Handler)
    Update_SystemTick                        0x0800402d   Thumb Code    10  drive_tim.o(i.Update_SystemTick)
    UsageFault_Handler                       0x0800403d   Thumb Code     2  stm32f4xx_it.o(i.UsageFault_Handler)
    User_Debug_Task                          0x0800403f   Thumb Code     8  user_debug.o(i.User_Debug_Task)
    Chassis_Pid_Init()                       0x08004049   Thumb Code   186  chassis_task.o(i._Z16Chassis_Pid_Initv)
    Motor_Base::update_angle(unsigned char*) 0x08004119   Thumb Code   186  chassis_swerve.o(i._ZN10Motor_Base12update_angleEPh)
    Motor_C620::CanMsg_Process(CAN_TxMsg&)   0x080041d3   Thumb Code   146  user_debug.o(i._ZN10Motor_C62014CanMsg_ProcessER9CAN_TxMsg)
    Motor_C620::update(unsigned char*)       0x08004265   Thumb Code    38  service_communication.o(i._ZN10Motor_C6206updateEPh)
    Motor_C620::Motor_C620(unsigned char)    0x0800428d   Thumb Code    44  chassis_task.o(i._ZN10Motor_C620C1Eh)
    Motor_C620::Motor_C620__sub_object(unsigned char) 0x0800428d   Thumb Code     0  chassis_task.o(i._ZN10Motor_C620C1Eh)
    Motor_C620::~Motor_C620()                0x080042c1   Thumb Code     2  user_debug.o(i._ZN10Motor_C620D1Ev)
    Motor_C620::~Motor_C620__sub_object()    0x080042c1   Thumb Code     0  user_debug.o(i._ZN10Motor_C620D1Ev)
    Motor_Speed::update_speed(unsigned char*) 0x080042c3   Thumb Code    12  chassis_swerve.o(i._ZN11Motor_Speed12update_speedEPh)
    Motor_Speed::Motor_Speed__sub_object(unsigned char) 0x080042d1   Thumb Code    38  user_debug.o(i._ZN11Motor_SpeedC2Eh)
    Chassis_Base::getMicroTick_regist(unsigned(*)()) 0x08004301   Thumb Code    16  chassis_base.o(i._ZN12Chassis_Base19getMicroTick_registEPFjvE)
    Chassis_Base::ChassisVel_Trans_MotorRPM(float, float) 0x08004315   Thumb Code    22  omni_chassis.o(i._ZN12Chassis_Base25ChassisVel_Trans_MotorRPMEff)
    Omni_Chassis::Motor_Control()            0x08004335   Thumb Code    10  omni_chassis.o(i._ZN12Omni_Chassis13Motor_ControlEv)
    Omni_Chassis::Pid_Mode_Init(int, float, float, bool, bool) 0x08004345   Thumb Code    26  omni_chassis.o(i._ZN12Omni_Chassis13Pid_Mode_InitEiffbb)
    Omni_Chassis::Pid_Param_Init(int, float, float, float, float, float, float) 0x0800435f   Thumb Code    32  omni_chassis.o(i._ZN12Omni_Chassis14Pid_Param_InitEiffffff)
    Omni_Chassis::Velocity_Calculate(Robot_Twist_t) 0x0800437f   Thumb Code   332  omni_chassis.o(i._ZN12Omni_Chassis18Velocity_CalculateE13Robot_Twist_t)
    Omni_Chassis::Control(Robot_Twist_t)     0x080044cb   Thumb Code   104  omni_chassis.o(i._ZN12Omni_Chassis7ControlE13Robot_Twist_t)
    Omni_Chassis::Omni_Chassis(float, float, float, int) 0x08004535   Thumb Code   224  chassis_task.o(i._ZN12Omni_ChassisC1Efffi)
    Omni_Chassis::Omni_Chassis__sub_object(float, float, float, int) 0x08004535   Thumb Code     0  chassis_task.o(i._ZN12Omni_ChassisC1Efffi)
    Omni_Chassis::~Omni_Chassis()            0x08004631   Thumb Code    22  chassis_task.o(i._ZN12Omni_ChassisD1Ev)
    Omni_Chassis::~Omni_Chassis__sub_object() 0x08004631   Thumb Code     0  chassis_task.o(i._ZN12Omni_ChassisD1Ev)
    LowPassFilter::f(float)                  0x0800464d   Thumb Code    20  filter.o(i._ZN13LowPassFilter1fEf)
    LowPassFilter::in(float)                 0x08004661   Thumb Code    14  filter.o(i._ZN13LowPassFilter2inEf)
    LowPassFilter::out()                     0x0800466f   Thumb Code    30  filter.o(i._ZN13LowPassFilter3outEv)
    LowPassFilter::LowPassFilter(float)      0x0800468d   Thumb Code    18  chassis_task.o(i._ZN13LowPassFilterC1Ef)
    LowPassFilter::LowPassFilter__sub_object(float) 0x0800468d   Thumb Code     0  chassis_task.o(i._ZN13LowPassFilterC1Ef)
    PID::PID_Param_Init(float, float, float, float, float, float) 0x080046a5   Thumb Code    22  pid.o(i._ZN3PID14PID_Param_InitEffffff)
    PID::Adjust()                            0x080046bd   Thumb Code   520  pid.o(i._ZN3PID6AdjustEv)
    PID::PID()                               0x080048c9   Thumb Code   132  chassis_task.o(i._ZN3PIDC1Ev)
    PID::PID__sub_object()                   0x080048c9   Thumb Code     0  chassis_task.o(i._ZN3PIDC1Ev)
    VESC::update_angle(unsigned char*)       0x08004955   Thumb Code    30  chassis_swerve.o(i._ZN4VESC12update_angleEPh)
    VESC::update_speed(unsigned char*)       0x08004979   Thumb Code   108  chassis_swerve.o(i._ZN4VESC12update_speedEPh)
    VESC::~VESC()                            0x080049ed   Thumb Code     2  chassis_swerve.o(i._ZN4VESCD1Ev)
    VESC::~VESC__sub_object()                0x080049ed   Thumb Code     0  chassis_swerve.o(i._ZN4VESCD1Ev)
    Tools::_tool_buffer_get_int16(const unsigned char*, int*) 0x080049ef   Thumb Code    20  chassis_swerve.o(i._ZN5Tools22_tool_buffer_get_int16EPKhPi)
    AirJoy::data_update(unsigned short, unsigned short) 0x08004a05   Thumb Code   140  air_joy.o(i._ZN6AirJoy11data_updateEtt)
    AirJoy::getMicroTick_regist(unsigned(*)()) 0x08004a95   Thumb Code    16  air_joy.o(i._ZN6AirJoy19getMicroTick_registEPFjvE)
    PidTimer::update_timeStamp()             0x08004aa9   Thumb Code    98  pid.o(i._ZN8PidTimer16update_timeStampEv)
    PidTimer::getMicroTick_regist(unsigned(*)()) 0x08004b19   Thumb Code    16  pid.o(i._ZN8PidTimer19getMicroTick_registEPFjvE)
    DM_Driver::~DM_Driver()                  0x08004b2d   Thumb Code     2  service_config.o(i._ZN9DM_DriverD1Ev)
    DM_Driver::~DM_Driver__sub_object()      0x08004b2d   Thumb Code     0  service_config.o(i._ZN9DM_DriverD1Ev)
    Motor_Base::ENCODER_ANGLE_RATIO() const  0x08004b31   Thumb Code     6  chassis_swerve.o(i._ZNK10Motor_Base19ENCODER_ANGLE_RATIOEv)
    Motor_Base::GET_MOTOR_DESCRIPTION() const 0x08004b3d   Thumb Code     4  chassis_swerve.o(i._ZNK10Motor_Base21GET_MOTOR_DESCRIPTIONEv)
    Motor_C620::MAX_CURRENT() const          0x08004b41   Thumb Code     6  user_debug.o(i._ZNK10Motor_C62011MAX_CURRENTEv)
    Motor_C620::GET_MOTOR_DESCRIPTION() const 0x08004b4d   Thumb Code     4  user_debug.o(i._ZNK10Motor_C62021GET_MOTOR_DESCRIPTIONEv)
    RM_Common::send_id_low() const           0x08004b51   Thumb Code     6  user_debug.o(i._ZNK9RM_Common11send_id_lowEv)
    RM_Common::send_id_high() const          0x08004b57   Thumb Code     6  user_debug.o(i._ZNK9RM_Common12send_id_highEv)
    std::cos(float)                          0x08004b5d   Thumb Code     4  chassis_swerve.o(i._ZSt3cosf)
    std::sin(float)                          0x08004b61   Thumb Code     4  chassis_swerve.o(i._ZSt3sinf)
    __ARM_fpclassifyf                        0x08004b65   Thumb Code    38  fpclassifyf.o(i.__ARM_fpclassifyf)
    __aeabi_vec_ctor_nocookie_nodtor         0x08004bab   Thumb Code    36  aeabi_vec_ctor_nocookie_nodtor.o(i.__aeabi_vec_ctor_nocookie_nodtor)
    __hardfp_cosf                            0x08004bd1   Thumb Code   280  cosf.o(i.__hardfp_cosf)
    __hardfp_sinf                            0x08004d21   Thumb Code   344  sinf.o(i.__hardfp_sinf)
    __mathlib_flt_infnan                     0x08004eb1   Thumb Code     6  funder.o(i.__mathlib_flt_infnan)
    __mathlib_flt_invalid                    0x08004eb9   Thumb Code    10  funder.o(i.__mathlib_flt_invalid)
    __mathlib_flt_underflow                  0x08004ec9   Thumb Code    10  funder.o(i.__mathlib_flt_underflow)
    __mathlib_rredf2                         0x08004ed9   Thumb Code   316  rredf.o(i.__mathlib_rredf2)
    comm_can_transmit_extid                  0x08005165   Thumb Code    48  drive_can.o(i.comm_can_transmit_extid)
    comm_can_transmit_stdid                  0x08005195   Thumb Code    46  drive_can.o(i.comm_can_transmit_stdid)
    main                                     0x080051c3   Thumb Code    66  main.o(i.main)
    osDelay                                  0x08005205   Thumb Code    28  cmsis_os2.o(i.osDelay)
    osKernelInitialize                       0x08005221   Thumb Code    34  cmsis_os2.o(i.osKernelInitialize)
    osKernelStart                            0x08005249   Thumb Code    48  cmsis_os2.o(i.osKernelStart)
    osThreadNew                              0x08005281   Thumb Code   186  cmsis_os2.o(i.osThreadNew)
    pvPortMalloc                             0x08005b55   Thumb Code   214  heap_4.o(i.pvPortMalloc)
    pxPortInitialiseStack                    0x08005c31   Thumb Code    30  port.o(i.pxPortInitialiseStack)
    uxListRemove                             0x08005c55   Thumb Code    38  list.o(i.uxListRemove)
    vApplicationGetIdleTaskMemory            0x08005c7d   Thumb Code    16  cmsis_os2.o(i.vApplicationGetIdleTaskMemory)
    vApplicationGetTimerTaskMemory           0x08005c91   Thumb Code    18  cmsis_os2.o(i.vApplicationGetTimerTaskMemory)
    vListInitialise                          0x08005ca9   Thumb Code    22  list.o(i.vListInitialise)
    vListInitialiseItem                      0x08005cbf   Thumb Code     6  list.o(i.vListInitialiseItem)
    vListInsert                              0x08005cc5   Thumb Code    48  list.o(i.vListInsert)
    vListInsertEnd                           0x08005cf5   Thumb Code    24  list.o(i.vListInsertEnd)
    vPortEnterCritical                       0x08005d0d   Thumb Code    54  port.o(i.vPortEnterCritical)
    vPortExitCritical                        0x08005d4d   Thumb Code    38  port.o(i.vPortExitCritical)
    vPortFree                                0x08005d79   Thumb Code    94  heap_4.o(i.vPortFree)
    vPortSetupTimerInterrupt                 0x08005ddd   Thumb Code    32  port.o(i.vPortSetupTimerInterrupt)
    vPortValidateInterruptPriority           0x08005e01   Thumb Code    74  port.o(i.vPortValidateInterruptPriority)
    vQueueAddToRegistry                      0x08005e55   Thumb Code    32  queue.o(i.vQueueAddToRegistry)
    vQueueWaitForMessageRestricted           0x08005e79   Thumb Code    70  queue.o(i.vQueueWaitForMessageRestricted)
    vTaskDelay                               0x08005ec1   Thumb Code    70  tasks.o(i.vTaskDelay)
    vTaskInternalSetTimeOutState             0x08005f11   Thumb Code    12  tasks.o(i.vTaskInternalSetTimeOutState)
    vTaskMissedYield                         0x08005f21   Thumb Code     8  tasks.o(i.vTaskMissedYield)
    vTaskPlaceOnEventList                    0x08005f2d   Thumb Code    46  tasks.o(i.vTaskPlaceOnEventList)
    vTaskPlaceOnEventListRestricted          0x08005f61   Thumb Code    54  tasks.o(i.vTaskPlaceOnEventListRestricted)
    vTaskStartScheduler                      0x08005f9d   Thumb Code   126  tasks.o(i.vTaskStartScheduler)
    vTaskSuspendAll                          0x0800602d   Thumb Code    10  tasks.o(i.vTaskSuspendAll)
    vTaskSwitchContext                       0x0800603d   Thumb Code    94  tasks.o(i.vTaskSwitchContext)
    xPortStartScheduler                      0x080060a5   Thumb Code   222  port.o(i.xPortStartScheduler)
    xPortSysTickHandler                      0x08006199   Thumb Code    38  port.o(i.xPortSysTickHandler)
    xQueueGenericCreate                      0x080061c5   Thumb Code    68  queue.o(i.xQueueGenericCreate)
    xQueueGenericCreateStatic                0x08006209   Thumb Code   108  queue.o(i.xQueueGenericCreateStatic)
    xQueueGenericReset                       0x08006275   Thumb Code   134  queue.o(i.xQueueGenericReset)
    xQueueGenericSend                        0x08006301   Thumb Code   352  queue.o(i.xQueueGenericSend)
    xQueueGenericSendFromISR                 0x08006465   Thumb Code   192  queue.o(i.xQueueGenericSendFromISR)
    xQueueReceive                            0x08006525   Thumb Code   310  queue.o(i.xQueueReceive)
    xTaskCheckForTimeOut                     0x08006661   Thumb Code   118  tasks.o(i.xTaskCheckForTimeOut)
    xTaskCreate                              0x080066dd   Thumb Code   100  tasks.o(i.xTaskCreate)
    xTaskCreateStatic                        0x08006741   Thumb Code    92  tasks.o(i.xTaskCreateStatic)
    xTaskGetSchedulerState                   0x0800679d   Thumb Code    24  tasks.o(i.xTaskGetSchedulerState)
    xTaskGetTickCount                        0x080067b9   Thumb Code     6  tasks.o(i.xTaskGetTickCount)
    xTaskIncrementTick                       0x080067c5   Thumb Code   196  tasks.o(i.xTaskIncrementTick)
    xTaskPriorityDisinherit                  0x08006891   Thumb Code   116  tasks.o(i.xTaskPriorityDisinherit)
    xTaskRemoveFromEventList                 0x0800690d   Thumb Code   106  tasks.o(i.xTaskRemoveFromEventList)
    xTaskResumeAll                           0x08006985   Thumb Code   184  tasks.o(i.xTaskResumeAll)
    xTimerCreateTimerTask                    0x08006a4d   Thumb Code    86  timers.o(i.xTimerCreateTimerTask)
    xTimerGenericCommand                     0x08006ab5   Thumb Code   104  timers.o(i.xTimerGenericCommand)
    void Motor_SendMsgs<Motor_C620, (int)3>(__CAN_HandleTypeDef*, T1(&)[T2]) 0x08006b21   Thumb Code    80  omni_chassis.o(t._Z14Motor_SendMsgsI10Motor_C620Li3EEvP19__CAN_HandleTypeDefRAT0__T_)
    void motor_constraint<float>(T1*, T1, T1) 0x08006b81   Thumb Code    36  user_debug.o(t._Z16motor_constraintIfEvPT_S0_S0_)
    void Tools::_tool_Constrain<float>(T1*, T1, T1) 0x08006ba5   Thumb Code    36  pid.o(t._ZN5Tools15_tool_ConstrainIfEEvPT_S1_S1_)
    T1 Tools::_tool_Abs<float>(T1)           0x08006bc9   Thumb Code    16  pid.o(t._ZN5Tools9_tool_AbsIfEET_S1_)
    __aeabi_d2f                              0x08006bd9   Thumb Code     0  d2f.o(x$fpl$d2f)
    _d2f                                     0x08006bd9   Thumb Code    98  d2f.o(x$fpl$d2f)
    __aeabi_ddiv                             0x08006c3d   Thumb Code     0  ddiv.o(x$fpl$ddiv)
    _ddiv                                    0x08006c3d   Thumb Code   552  ddiv.o(x$fpl$ddiv)
    __aeabi_i2d                              0x08006eed   Thumb Code     0  dflt_clz.o(x$fpl$dflt)
    _dflt                                    0x08006eed   Thumb Code    46  dflt_clz.o(x$fpl$dflt)
    __aeabi_dmul                             0x08006f1d   Thumb Code     0  dmul.o(x$fpl$dmul)
    _dmul                                    0x08006f1d   Thumb Code   332  dmul.o(x$fpl$dmul)
    __fpl_dnaninf                            0x08007071   Thumb Code   156  dnaninf.o(x$fpl$dnaninf)
    __fpl_dretinf                            0x0800710d   Thumb Code    12  dretinf.o(x$fpl$dretinf)
    _fp_init                                 0x08007119   Thumb Code    10  fpinit.o(x$fpl$fpinit)
    __fplib_config_fpu_vfp                   0x08007121   Thumb Code     0  fpinit.o(x$fpl$fpinit)
    __fplib_config_pureend_doubles           0x08007121   Thumb Code     0  fpinit.o(x$fpl$fpinit)
    __fpl_fretinf                            0x08007123   Thumb Code    10  fretinf.o(x$fpl$fretinf)
    CAN1_Send_attributes                     0x0800712c   Data          36  freertos.o(.constdata)
    __I$use$fp                               0x0800712c   Number         0  usenofp.o(x$fpl$usenofp)
    chassic_attributes                       0x08007150   Data          36  freertos.o(.constdata)
    CAN2_Send_attributes                     0x08007174   Data          36  freertos.o(.constdata)
    user_debug_attributes                    0x08007198   Data          36  freertos.o(.constdata)
    Air_Joy_attributes                       0x080071bc   Data          36  freertos.o(.constdata)
    AHBPrescTable                            0x080071e8   Data          16  system_stm32f4xx.o(.constdata)
    APBPrescTable                            0x080071f8   Data           8  system_stm32f4xx.o(.constdata)
    vtable for Motor_C620                    0x08007288   Data          68  user_debug.o(.constdata__ZTV10Motor_C620)
    vtable for Motor_Speed                   0x080072cc   Data          60  chassis_swerve.o(.constdata__ZTV11Motor_Speed)
    vtable for VESC                          0x08007308   Data          60  chassis_swerve.o(.constdata__ZTV4VESC)
    vtable for DM_Driver                     0x08007344   Data          64  service_config.o(.constdata__ZTV9DM_Driver)
    Region$$Table$$Base                      0x080073b8   Number         0  anon$$obj.o(Region$$Table)
    Region$$Table$$Limit                     0x080073d8   Number         0  anon$$obj.o(Region$$Table)
    SHT$$INIT_ARRAY$$Base                    0x080073d8   Number         0  air_joy.o(.init_array)
    SHT$$INIT_ARRAY$$Limit                   0x080073e4   Number         0  init_aeabi.o(.init_array)
    CAN1_SendHandle                          0x20000000   Data           4  freertos.o(.data)
    chassicHandle                            0x20000004   Data           4  freertos.o(.data)
    CAN2_SendHandle                          0x20000008   Data           4  freertos.o(.data)
    user_debugHandle                         0x2000000c   Data           4  freertos.o(.data)
    Air_JoyHandle                            0x20000010   Data           4  freertos.o(.data)
    uwTickFreq                               0x20000018   Data           1  stm32f4xx_hal.o(.data)
    uwTickPrio                               0x2000001c   Data           4  stm32f4xx_hal.o(.data)
    uwTick                                   0x20000020   Data           4  stm32f4xx_hal.o(.data)
    SystemCoreClock                          0x20000024   Data           4  system_stm32f4xx.o(.data)
    pxCurrentTCB                             0x20000028   Data           4  tasks.o(.data)
    SystemTimerCnt                           0x200000b0   Data           4  drive_tim.o(.data)
    Timer_Manager                            0x200000b4   Data           8  drive_tim.o(.data)
    PidTimer::get_systemTick                 0x200000c0   Data           4  pid.o(.data)
    test                                     0x200000c4   Data           4  air_joy.o(.data)
    AirJoy::get_systemTick                   0x200000c8   Data           4  air_joy.o(.data)
    Chassis_Base::get_systemTick             0x200000cc   Data           4  chassis_swerve.o(.data)
    CAN1_TxPort                              0x200000ec   Data           4  data_pool.o(.data)
    CAN2_TxPort                              0x200000f0   Data           4  data_pool.o(.data)
    UART_TxPort                              0x200000f4   Data           4  data_pool.o(.data)
    Recieve_ROS_Port                         0x200000f8   Data           4  data_pool.o(.data)
    Send_ROS_Port                            0x200000fc   Data           4  data_pool.o(.data)
    Chassia_Port                             0x20000100   Data           4  data_pool.o(.data)
    Broadcast_Port                           0x20000104   Data           4  data_pool.o(.data)
    hcan1                                    0x20000108   Data          40  can.o(.bss)
    hcan2                                    0x20000130   Data          40  can.o(.bss)
    htim4                                    0x20000158   Data          72  tim.o(.bss)
    htim10                                   0x200001a0   Data          72  tim.o(.bss)
    huart1                                   0x200001e8   Data          68  usart.o(.bss)
    huart2                                   0x2000022c   Data          68  usart.o(.bss)
    huart3                                   0x20000270   Data          68  usart.o(.bss)
    huart6                                   0x200002b4   Data          68  usart.o(.bss)
    hdma_usart1_tx                           0x200002f8   Data          96  usart.o(.bss)
    hdma_usart1_rx                           0x20000358   Data          96  usart.o(.bss)
    hdma_usart2_rx                           0x200003b8   Data          96  usart.o(.bss)
    hdma_usart2_tx                           0x20000418   Data          96  usart.o(.bss)
    hdma_usart3_rx                           0x20000478   Data          96  usart.o(.bss)
    hdma_usart3_tx                           0x200004d8   Data          96  usart.o(.bss)
    hdma_usart6_rx                           0x20000538   Data          96  usart.o(.bss)
    hdma_usart6_tx                           0x20000598   Data          96  usart.o(.bss)
    htim3                                    0x200005f8   Data          72  stm32f4xx_hal_timebase_tim.o(.bss)
    xQueueRegistry                           0x20000640   Data          64  queue.o(.bss)
    usart1_manager                           0x20004f5c   Data          16  drive_uart.o(.bss)
    usart2_manager                           0x20004f6c   Data          16  drive_uart.o(.bss)
    usart3_manager                           0x20004f7c   Data          16  drive_uart.o(.bss)
    usart6_manager                           0x20004f8c   Data          16  drive_uart.o(.bss)
    air_joy                                  0x20004f9c   Data          52  air_joy.o(.bss)
    M3508                                    0x20004fd0   Data          44  user_debug.o(.bss)
    MD4219                                   0x20004ffc   Data          56  user_debug.o(.bss)
    DM43                                     0x20005034   Data          88  user_debug.o(.bss)
    chassis                                  0x200050b0   Data         760  chassis_task.o(.bss)
    __libspace_start                         0x200053a8   Data          96  libspace.o(.bss)
    __temporary_stack_top$libspace           0x20005408   Data           0  libspace.o(.bss)



==============================================================================

Memory Map of the image

  Image Entry point : 0x08000189

  Load Region LR_IROM1 (Base: 0x08000000, Size: 0x000074ec, Max: 0x00100000, ABSOLUTE)

    Execution Region ER_IROM1 (Exec base: 0x08000000, Load base: 0x08000000, Size: 0x000073e4, Max: 0x00100000, ABSOLUTE)

    Exec Addr    Load Addr    Size         Type   Attr      Idx    E Section Name        Object

    0x08000000   0x08000000   0x00000188   Data   RO            3    RESET               startup_stm32f407xx.o
    0x08000188   0x08000188   0x00000008   Code   RO         7575  * !!!main             c_w.l(__main.o)
    0x08000190   0x08000190   0x00000034   Code   RO         8138    !!!scatter          c_w.l(__scatter.o)
    0x080001c4   0x080001c4   0x0000001a   Code   RO         8140    !!handler_copy      c_w.l(__scatter_copy.o)
    0x080001de   0x080001de   0x00000002   PAD
    0x080001e0   0x080001e0   0x0000001c   Code   RO         8142    !!handler_zi        c_w.l(__scatter_zi.o)
    0x080001fc   0x080001fc   0x00000002   Code   RO         8078    .ARM.Collect$$libinit$$00000000  c_w.l(libinit.o)
    0x080001fe   0x080001fe   0x00000004   Code   RO         7846    .ARM.Collect$$libinit$$00000001  c_w.l(libinit2.o)
    0x08000202   0x08000202   0x00000000   Code   RO         7849    .ARM.Collect$$libinit$$00000004  c_w.l(libinit2.o)
    0x08000202   0x08000202   0x00000008   Code   RO         7850    .ARM.Collect$$libinit$$00000005  c_w.l(libinit2.o)
    0x0800020a   0x0800020a   0x00000000   Code   RO         7852    .ARM.Collect$$libinit$$0000000A  c_w.l(libinit2.o)
    0x0800020a   0x0800020a   0x00000000   Code   RO         7854    .ARM.Collect$$libinit$$0000000C  c_w.l(libinit2.o)
    0x0800020a   0x0800020a   0x00000000   Code   RO         7856    .ARM.Collect$$libinit$$0000000E  c_w.l(libinit2.o)
    0x0800020a   0x0800020a   0x00000000   Code   RO         7859    .ARM.Collect$$libinit$$00000011  c_w.l(libinit2.o)
    0x0800020a   0x0800020a   0x00000000   Code   RO         7861    .ARM.Collect$$libinit$$00000013  c_w.l(libinit2.o)
    0x0800020a   0x0800020a   0x00000000   Code   RO         7863    .ARM.Collect$$libinit$$00000015  c_w.l(libinit2.o)
    0x0800020a   0x0800020a   0x00000000   Code   RO         7865    .ARM.Collect$$libinit$$00000017  c_w.l(libinit2.o)
    0x0800020a   0x0800020a   0x00000000   Code   RO         7867    .ARM.Collect$$libinit$$00000019  c_w.l(libinit2.o)
    0x0800020a   0x0800020a   0x00000000   Code   RO         7869    .ARM.Collect$$libinit$$0000001B  c_w.l(libinit2.o)
    0x0800020a   0x0800020a   0x00000000   Code   RO         7871    .ARM.Collect$$libinit$$0000001D  c_w.l(libinit2.o)
    0x0800020a   0x0800020a   0x00000000   Code   RO         7873    .ARM.Collect$$libinit$$0000001F  c_w.l(libinit2.o)
    0x0800020a   0x0800020a   0x00000000   Code   RO         7875    .ARM.Collect$$libinit$$00000021  c_w.l(libinit2.o)
    0x0800020a   0x0800020a   0x00000000   Code   RO         7877    .ARM.Collect$$libinit$$00000023  c_w.l(libinit2.o)
    0x0800020a   0x0800020a   0x00000000   Code   RO         7879    .ARM.Collect$$libinit$$00000025  c_w.l(libinit2.o)
    0x0800020a   0x0800020a   0x00000000   Code   RO         7883    .ARM.Collect$$libinit$$0000002C  c_w.l(libinit2.o)
    0x0800020a   0x0800020a   0x00000000   Code   RO         7885    .ARM.Collect$$libinit$$0000002E  c_w.l(libinit2.o)
    0x0800020a   0x0800020a   0x00000000   Code   RO         7887    .ARM.Collect$$libinit$$00000030  c_w.l(libinit2.o)
    0x0800020a   0x0800020a   0x00000004   Code   RO         7888    .ARM.Collect$$libinit$$00000031  c_w.l(libinit2.o)
    0x0800020e   0x0800020e   0x00000000   Code   RO         7889    .ARM.Collect$$libinit$$00000032  c_w.l(libinit2.o)
    0x0800020e   0x0800020e   0x00000002   Code   RO         7890    .ARM.Collect$$libinit$$00000033  c_w.l(libinit2.o)
    0x08000210   0x08000210   0x00000002   Code   RO         8135    .ARM.Collect$$libshutdown$$00000000  c_w.l(libshutdown.o)
    0x08000212   0x08000212   0x00000000   Code   RO         7996    .ARM.Collect$$libshutdown$$00000002  c_w.l(libshutdown2.o)
    0x08000212   0x08000212   0x00000006   Code   RO         7997    .ARM.Collect$$libshutdown$$00000003  c_w.l(libshutdown2.o)
    0x08000218   0x08000218   0x00000000   Code   RO         7998    .ARM.Collect$$libshutdown$$00000004  c_w.l(libshutdown2.o)
    0x08000218   0x08000218   0x00000000   Code   RO         8000    .ARM.Collect$$libshutdown$$00000006  c_w.l(libshutdown2.o)
    0x08000218   0x08000218   0x00000000   Code   RO         8003    .ARM.Collect$$libshutdown$$00000009  c_w.l(libshutdown2.o)
    0x08000218   0x08000218   0x00000000   Code   RO         8006    .ARM.Collect$$libshutdown$$0000000C  c_w.l(libshutdown2.o)
    0x08000218   0x08000218   0x00000000   Code   RO         8008    .ARM.Collect$$libshutdown$$0000000E  c_w.l(libshutdown2.o)
    0x08000218   0x08000218   0x00000000   Code   RO         8011    .ARM.Collect$$libshutdown$$00000011  c_w.l(libshutdown2.o)
    0x08000218   0x08000218   0x00000002   Code   RO         8012    .ARM.Collect$$libshutdown$$00000012  c_w.l(libshutdown2.o)
    0x0800021a   0x0800021a   0x00000000   Code   RO         7763    .ARM.Collect$$rtentry$$00000000  c_w.l(__rtentry.o)
    0x0800021a   0x0800021a   0x00000000   Code   RO         7939    .ARM.Collect$$rtentry$$00000002  c_w.l(__rtentry2.o)
    0x0800021a   0x0800021a   0x00000006   Code   RO         7951    .ARM.Collect$$rtentry$$00000004  c_w.l(__rtentry4.o)
    0x08000220   0x08000220   0x00000000   Code   RO         7941    .ARM.Collect$$rtentry$$00000009  c_w.l(__rtentry2.o)
    0x08000220   0x08000220   0x00000004   Code   RO         7942    .ARM.Collect$$rtentry$$0000000A  c_w.l(__rtentry2.o)
    0x08000224   0x08000224   0x00000000   Code   RO         7944    .ARM.Collect$$rtentry$$0000000C  c_w.l(__rtentry2.o)
    0x08000224   0x08000224   0x00000008   Code   RO         7945    .ARM.Collect$$rtentry$$0000000D  c_w.l(__rtentry2.o)
    0x0800022c   0x0800022c   0x00000002   Code   RO         8094    .ARM.Collect$$rtexit$$00000000  c_w.l(rtexit.o)
    0x0800022e   0x0800022e   0x00000000   Code   RO         8111    .ARM.Collect$$rtexit$$00000002  c_w.l(rtexit2.o)
    0x0800022e   0x0800022e   0x00000004   Code   RO         8112    .ARM.Collect$$rtexit$$00000003  c_w.l(rtexit2.o)
    0x08000232   0x08000232   0x00000006   Code   RO         8113    .ARM.Collect$$rtexit$$00000004  c_w.l(rtexit2.o)
    0x08000238   0x08000238   0x000000be   Code   RO         5394    .emb_text           port.o
    0x080002f6   0x080002f6   0x00000002   PAD
    0x080002f8   0x080002f8   0x00000000   Code   RO         8044    .emb_text           c_w.l(maybetermalloc1.o)
    0x080002f8   0x080002f8   0x00000040   Code   RO            4    .text               startup_stm32f407xx.o
    0x08000338   0x08000338   0x000000ee   Code   RO         7555    .text               c_w.l(lludivv7m.o)
    0x08000426   0x08000426   0x0000002e   Code   RO         7560    .text               c_w.l(aeabi_atexit.o)
    0x08000454   0x08000454   0x0000008a   Code   RO         7563    .text               c_w.l(rt_memcpy_v6.o)
    0x080004de   0x080004de   0x00000064   Code   RO         7565    .text               c_w.l(rt_memcpy_w.o)
    0x08000542   0x08000542   0x00000010   Code   RO         7569    .text               c_w.l(aeabi_memset.o)
    0x08000552   0x08000552   0x0000004e   Code   RO         7571    .text               c_w.l(rt_memclr_w.o)
    0x080005a0   0x080005a0   0x00000006   Code   RO         7573    .text               c_w.l(heapauxi.o)
    0x080005a6   0x080005a6   0x00000002   PAD
    0x080005a8   0x080005a8   0x00000024   Code   RO         7580    .text               c_w.l(init_aeabi.o)
    0x080005cc   0x080005cc   0x00000022   Code   RO         7698    .text               cpprt_w.l(aeabi_vec_dtor_noexceptions.o)
    0x080005ee   0x080005ee   0x00000002   PAD
    0x080005f0   0x080005f0   0x00000008   Code   RO         7771    .text               c_w.l(rt_ddtor_pointer_addr_intlibspace.o)
    0x080005f8   0x080005f8   0x0000005e   Code   RO         7777    .text               c_w.l(h1_alloc.o)
    0x08000656   0x08000656   0x0000004e   Code   RO         7779    .text               c_w.l(h1_free.o)
    0x080006a4   0x080006a4   0x00000016   Code   RO         7835    .text               c_w.l(_rserrno.o)
    0x080006ba   0x080006ba   0x00000042   Code   RO         7837    .text               c_w.l(cxa_finalize.o)
    0x080006fc   0x080006fc   0x00000044   Code   RO         7844    .text               c_w.l(rt_memclr.o)
    0x08000740   0x08000740   0x00000008   Code   RO         7933    .text               c_w.l(libspace.o)
    0x08000748   0x08000748   0x00000008   Code   RO         7960    .text               c_w.l(rt_heap_descriptor_intlibspace.o)
    0x08000750   0x08000750   0x00000008   Code   RO         7965    .text               c_w.l(rt_errno_addr_intlibspace.o)
    0x08000758   0x08000758   0x00000004   Code   RO         7967    .text               c_w.l(hguard.o)
    0x0800075c   0x0800075c   0x0000008a   Code   RO         7969    .text               c_w.l(init_alloc.o)
    0x080007e6   0x080007e6   0x0000000e   Code   RO         7973    .text               c_w.l(h1_init.o)
    0x080007f4   0x080007f4   0x0000000a   Code   RO         7987    .text               c_w.l(defsig_exit.o)
    0x080007fe   0x080007fe   0x00000002   PAD
    0x08000800   0x08000800   0x0000000c   Code   RO         8033    .text               c_w.l(sys_exit.o)
    0x0800080c   0x0800080c   0x0000004a   Code   RO         8035    .text               c_w.l(sys_stackheap_outer.o)
    0x08000856   0x08000856   0x00000034   Code   RO         8046    .text               c_w.l(h1_extend.o)
    0x0800088a   0x0800088a   0x00000012   Code   RO         8050    .text               c_w.l(exit.o)
    0x0800089c   0x0800089c   0x00000032   Code   RO         8056    .text               c_w.l(defsig_general.o)
    0x080008ce   0x080008ce   0x0000000e   Code   RO         8062    .text               c_w.l(defsig_rtmem_outer.o)
    0x080008dc   0x080008dc   0x0000000e   Code   RO         8089    .text               c_w.l(sys_wrch.o)
    0x080008ea   0x080008ea   0x00000002   Code   RO         8091    .text               c_w.l(use_no_semi.o)
    0x080008ec   0x080008ec   0x00000000   Code   RO         8093    .text               c_w.l(indicate_semi.o)
    0x080008ec   0x080008ec   0x00000050   Code   RO         8106    .text               c_w.l(defsig_rtmem_inner.o)
    0x0800093c   0x0800093c   0x00000150   Code   RO         7489    i.Air_Joy_Task      fsm_joy.o
    0x08000a8c   0x08000a8c   0x00000030   Code   RO         7071    i.App_Init          service_config.o
    0x08000abc   0x08000abc   0x00000002   Code   RO          627    i.BusFault_Handler  stm32f4xx_it.o
    0x08000abe   0x08000abe   0x00000002   PAD
    0x08000ac0   0x08000ac0   0x0000000c   Code   RO          628    i.CAN1_RX0_IRQHandler  stm32f4xx_it.o
    0x08000acc   0x08000acc   0x00000038   Code   RO         6974    i.CAN1_RxCallBack   service_communication.o
    0x08000b04   0x08000b04   0x0000003c   Code   RO         6975    i.CAN1_Send_Task    service_communication.o
    0x08000b40   0x08000b40   0x0000000c   Code   RO          629    i.CAN1_TX_IRQHandler  stm32f4xx_it.o
    0x08000b4c   0x08000b4c   0x0000000c   Code   RO          630    i.CAN2_RX0_IRQHandler  stm32f4xx_it.o
    0x08000b58   0x08000b58   0x00000002   Code   RO         6976    i.CAN2_RxCallBack   service_communication.o
    0x08000b5a   0x08000b5a   0x00000002   PAD
    0x08000b5c   0x08000b5c   0x0000003c   Code   RO         6977    i.CAN2_Send_Task    service_communication.o
    0x08000b98   0x08000b98   0x0000000c   Code   RO          631    i.CAN2_TX_IRQHandler  stm32f4xx_it.o
    0x08000ba4   0x08000ba4   0x0000005e   Code   RO         5474    i.CAN_Filter_Init   drive_can.o
    0x08000c02   0x08000c02   0x00000002   PAD
    0x08000c04   0x08000c04   0x00000068   Code   RO         5475    i.CAN_Init          drive_can.o
    0x08000c6c   0x08000c6c   0x00000044   Code   RO         7368    i.Chassis_Task      chassis_task.o
    0x08000cb0   0x08000cb0   0x0000000c   Code   RO          632    i.DMA1_Stream1_IRQHandler  stm32f4xx_it.o
    0x08000cbc   0x08000cbc   0x0000000c   Code   RO          633    i.DMA1_Stream3_IRQHandler  stm32f4xx_it.o
    0x08000cc8   0x08000cc8   0x0000000c   Code   RO          634    i.DMA1_Stream5_IRQHandler  stm32f4xx_it.o
    0x08000cd4   0x08000cd4   0x0000000c   Code   RO          635    i.DMA1_Stream6_IRQHandler  stm32f4xx_it.o
    0x08000ce0   0x08000ce0   0x0000000c   Code   RO          636    i.DMA2_Stream1_IRQHandler  stm32f4xx_it.o
    0x08000cec   0x08000cec   0x0000000c   Code   RO          637    i.DMA2_Stream2_IRQHandler  stm32f4xx_it.o
    0x08000cf8   0x08000cf8   0x0000000c   Code   RO          638    i.DMA2_Stream6_IRQHandler  stm32f4xx_it.o
    0x08000d04   0x08000d04   0x0000000c   Code   RO          639    i.DMA2_Stream7_IRQHandler  stm32f4xx_it.o
    0x08000d10   0x08000d10   0x0000002c   Code   RO         1608    i.DMA_CalcBaseAndBitshift  stm32f4xx_hal_dma.o
    0x08000d3c   0x08000d3c   0x00000078   Code   RO         1609    i.DMA_CheckFifoParam  stm32f4xx_hal_dma.o
    0x08000db4   0x08000db4   0x0000002a   Code   RO         1610    i.DMA_SetConfig     stm32f4xx_hal_dma.o
    0x08000dde   0x08000dde   0x00000002   PAD
    0x08000de0   0x08000de0   0x00000060   Code   RO         6846    i.DataPool_Init     data_pool.o
    0x08000e40   0x08000e40   0x00000002   Code   RO          640    i.DebugMon_Handler  stm32f4xx_it.o
    0x08000e42   0x08000e42   0x00000006   Code   RO          641    i.EXTI9_5_IRQHandler  stm32f4xx_it.o
    0x08000e48   0x08000e48   0x00000004   Code   RO           13    i.Error_Handler     main.o
    0x08000e4c   0x08000e4c   0x00000002   Code   RO         5674    i.Error_Handler     drive_tim.o
    0x08000e4e   0x08000e4e   0x00000002   PAD
    0x08000e50   0x08000e50   0x0000001c   Code   RO         5675    i.Get_SystemTimer   drive_tim.o
    0x08000e6c   0x08000e6c   0x00000024   Code   RO          871    i.HAL_CAN_ActivateNotification  stm32f4xx_hal_can.o
    0x08000e90   0x08000e90   0x000000f2   Code   RO          872    i.HAL_CAN_AddTxMessage  stm32f4xx_hal_can.o
    0x08000f82   0x08000f82   0x00000002   PAD
    0x08000f84   0x08000f84   0x00000110   Code   RO          873    i.HAL_CAN_ConfigFilter  stm32f4xx_hal_can.o
    0x08001094   0x08001094   0x00000002   Code   RO          876    i.HAL_CAN_ErrorCallback  stm32f4xx_hal_can.o
    0x08001096   0x08001096   0x00000106   Code   RO          879    i.HAL_CAN_GetRxMessage  stm32f4xx_hal_can.o
    0x0800119c   0x0800119c   0x0000002c   Code   RO          881    i.HAL_CAN_GetTxMailboxesFreeLevel  stm32f4xx_hal_can.o
    0x080011c8   0x080011c8   0x000001fc   Code   RO          883    i.HAL_CAN_IRQHandler  stm32f4xx_hal_can.o
    0x080013c4   0x080013c4   0x00000152   Code   RO          884    i.HAL_CAN_Init      stm32f4xx_hal_can.o
    0x08001516   0x08001516   0x00000002   PAD
    0x08001518   0x08001518   0x00000124   Code   RO          438    i.HAL_CAN_MspInit   can.o
    0x0800163c   0x0800163c   0x00000002   Code   RO          891    i.HAL_CAN_RxFifo0FullCallback  stm32f4xx_hal_can.o
    0x0800163e   0x0800163e   0x00000002   PAD
    0x08001640   0x08001640   0x00000058   Code   RO         5476    i.HAL_CAN_RxFifo0MsgPendingCallback  drive_can.o
    0x08001698   0x08001698   0x00000002   Code   RO          893    i.HAL_CAN_RxFifo1FullCallback  stm32f4xx_hal_can.o
    0x0800169a   0x0800169a   0x00000002   PAD
    0x0800169c   0x0800169c   0x00000058   Code   RO         5477    i.HAL_CAN_RxFifo1MsgPendingCallback  drive_can.o
    0x080016f4   0x080016f4   0x00000002   Code   RO          895    i.HAL_CAN_SleepCallback  stm32f4xx_hal_can.o
    0x080016f6   0x080016f6   0x00000058   Code   RO          896    i.HAL_CAN_Start     stm32f4xx_hal_can.o
    0x0800174e   0x0800174e   0x00000002   Code   RO          898    i.HAL_CAN_TxMailbox0AbortCallback  stm32f4xx_hal_can.o
    0x08001750   0x08001750   0x00000002   Code   RO          899    i.HAL_CAN_TxMailbox0CompleteCallback  stm32f4xx_hal_can.o
    0x08001752   0x08001752   0x00000002   Code   RO          900    i.HAL_CAN_TxMailbox1AbortCallback  stm32f4xx_hal_can.o
    0x08001754   0x08001754   0x00000002   Code   RO          901    i.HAL_CAN_TxMailbox1CompleteCallback  stm32f4xx_hal_can.o
    0x08001756   0x08001756   0x00000002   Code   RO          902    i.HAL_CAN_TxMailbox2AbortCallback  stm32f4xx_hal_can.o
    0x08001758   0x08001758   0x00000002   Code   RO          903    i.HAL_CAN_TxMailbox2CompleteCallback  stm32f4xx_hal_can.o
    0x0800175a   0x0800175a   0x00000002   Code   RO          905    i.HAL_CAN_WakeUpFromRxMsgCallback  stm32f4xx_hal_can.o
    0x0800175c   0x0800175c   0x0000008e   Code   RO         1611    i.HAL_DMA_Abort     stm32f4xx_hal_dma.o
    0x080017ea   0x080017ea   0x00000024   Code   RO         1612    i.HAL_DMA_Abort_IT  stm32f4xx_hal_dma.o
    0x0800180e   0x0800180e   0x00000002   PAD
    0x08001810   0x08001810   0x000001d0   Code   RO         1616    i.HAL_DMA_IRQHandler  stm32f4xx_hal_dma.o
    0x080019e0   0x080019e0   0x000000d4   Code   RO         1617    i.HAL_DMA_Init      stm32f4xx_hal_dma.o
    0x08001ab4   0x08001ab4   0x0000006e   Code   RO         1621    i.HAL_DMA_Start_IT  stm32f4xx_hal_dma.o
    0x08001b22   0x08001b22   0x00000002   PAD
    0x08001b24   0x08001b24   0x0000001c   Code   RO         6093    i.HAL_GPIO_EXTI_Callback  air_joy.o
    0x08001b40   0x08001b40   0x00000018   Code   RO         1503    i.HAL_GPIO_EXTI_IRQHandler  stm32f4xx_hal_gpio.o
    0x08001b58   0x08001b58   0x000001d0   Code   RO         1504    i.HAL_GPIO_Init     stm32f4xx_hal_gpio.o
    0x08001d28   0x08001d28   0x0000000c   Code   RO         2036    i.HAL_GetTick       stm32f4xx_hal.o
    0x08001d34   0x08001d34   0x00000010   Code   RO         2042    i.HAL_IncTick       stm32f4xx_hal.o
    0x08001d44   0x08001d44   0x00000034   Code   RO         2043    i.HAL_Init          stm32f4xx_hal.o
    0x08001d78   0x08001d78   0x00000098   Code   RO          831    i.HAL_InitTick      stm32f4xx_hal_timebase_tim.o
    0x08001e10   0x08001e10   0x00000038   Code   RO          807    i.HAL_MspInit       stm32f4xx_hal_msp.o
    0x08001e48   0x08001e48   0x0000001a   Code   RO         1893    i.HAL_NVIC_EnableIRQ  stm32f4xx_hal_cortex.o
    0x08001e62   0x08001e62   0x00000002   PAD
    0x08001e64   0x08001e64   0x00000040   Code   RO         1899    i.HAL_NVIC_SetPriority  stm32f4xx_hal_cortex.o
    0x08001ea4   0x08001ea4   0x00000024   Code   RO         1900    i.HAL_NVIC_SetPriorityGrouping  stm32f4xx_hal_cortex.o
    0x08001ec8   0x08001ec8   0x0000014c   Code   RO         1105    i.HAL_RCC_ClockConfig  stm32f4xx_hal_rcc.o
    0x08002014   0x08002014   0x0000003c   Code   RO         1109    i.HAL_RCC_GetClockConfig  stm32f4xx_hal_rcc.o
    0x08002050   0x08002050   0x0000000c   Code   RO         1110    i.HAL_RCC_GetHCLKFreq  stm32f4xx_hal_rcc.o
    0x0800205c   0x0800205c   0x00000020   Code   RO         1112    i.HAL_RCC_GetPCLK1Freq  stm32f4xx_hal_rcc.o
    0x0800207c   0x0800207c   0x00000020   Code   RO         1113    i.HAL_RCC_GetPCLK2Freq  stm32f4xx_hal_rcc.o
    0x0800209c   0x0800209c   0x00000068   Code   RO         1114    i.HAL_RCC_GetSysClockFreq  stm32f4xx_hal_rcc.o
    0x08002104   0x08002104   0x000003c0   Code   RO         1117    i.HAL_RCC_OscConfig  stm32f4xx_hal_rcc.o
    0x080024c4   0x080024c4   0x00000002   Code   RO         2998    i.HAL_TIMEx_BreakCallback  stm32f4xx_hal_tim_ex.o
    0x080024c6   0x080024c6   0x00000002   Code   RO         2999    i.HAL_TIMEx_CommutCallback  stm32f4xx_hal_tim_ex.o
    0x080024c8   0x080024c8   0x00000090   Code   RO         3017    i.HAL_TIMEx_MasterConfigSynchronization  stm32f4xx_hal_tim_ex.o
    0x08002558   0x08002558   0x0000004a   Code   RO         2283    i.HAL_TIM_Base_Init  stm32f4xx_hal_tim.o
    0x080025a2   0x080025a2   0x00000002   PAD
    0x080025a4   0x080025a4   0x00000058   Code   RO          514    i.HAL_TIM_Base_MspInit  tim.o
    0x080025fc   0x080025fc   0x0000008c   Code   RO         2288    i.HAL_TIM_Base_Start_IT  stm32f4xx_hal_tim.o
    0x08002688   0x08002688   0x000000e8   Code   RO         2292    i.HAL_TIM_ConfigClockSource  stm32f4xx_hal_tim.o
    0x08002770   0x08002770   0x00000002   Code   RO         2317    i.HAL_TIM_IC_CaptureCallback  stm32f4xx_hal_tim.o
    0x08002772   0x08002772   0x0000016e   Code   RO         2331    i.HAL_TIM_IRQHandler  stm32f4xx_hal_tim.o
    0x080028e0   0x080028e0   0x00000054   Code   RO          515    i.HAL_TIM_MspPostInit  tim.o
    0x08002934   0x08002934   0x00000002   Code   RO         2334    i.HAL_TIM_OC_DelayElapsedCallback  stm32f4xx_hal_tim.o
    0x08002936   0x08002936   0x000000d8   Code   RO         2355    i.HAL_TIM_PWM_ConfigChannel  stm32f4xx_hal_tim.o
    0x08002a0e   0x08002a0e   0x0000004a   Code   RO         2358    i.HAL_TIM_PWM_Init  stm32f4xx_hal_tim.o
    0x08002a58   0x08002a58   0x00000002   Code   RO         2360    i.HAL_TIM_PWM_MspInit  stm32f4xx_hal_tim.o
    0x08002a5a   0x08002a5a   0x00000002   Code   RO         2361    i.HAL_TIM_PWM_PulseFinishedCallback  stm32f4xx_hal_tim.o
    0x08002a5c   0x08002a5c   0x000000dc   Code   RO         2363    i.HAL_TIM_PWM_Start  stm32f4xx_hal_tim.o
    0x08002b38   0x08002b38   0x0000002c   Code   RO           14    i.HAL_TIM_PeriodElapsedCallback  main.o
    0x08002b64   0x08002b64   0x00000002   Code   RO         2374    i.HAL_TIM_TriggerCallback  stm32f4xx_hal_tim.o
    0x08002b66   0x08002b66   0x00000002   Code   RO         3276    i.HAL_UARTEx_RxEventCallback  stm32f4xx_hal_uart.o
    0x08002b68   0x08002b68   0x00000070   Code   RO         3288    i.HAL_UART_DMAStop  stm32f4xx_hal_uart.o
    0x08002bd8   0x08002bd8   0x00000002   Code   RO         3290    i.HAL_UART_ErrorCallback  stm32f4xx_hal_uart.o
    0x08002bda   0x08002bda   0x00000002   PAD
    0x08002bdc   0x08002bdc   0x00000228   Code   RO         3293    i.HAL_UART_IRQHandler  stm32f4xx_hal_uart.o
    0x08002e04   0x08002e04   0x00000064   Code   RO         3294    i.HAL_UART_Init     stm32f4xx_hal_uart.o
    0x08002e68   0x08002e68   0x000003f0   Code   RO          568    i.HAL_UART_MspInit  usart.o
    0x08003258   0x08003258   0x0000002e   Code   RO         3298    i.HAL_UART_Receive_DMA  stm32f4xx_hal_uart.o
    0x08003286   0x08003286   0x00000002   Code   RO         3300    i.HAL_UART_RxCpltCallback  stm32f4xx_hal_uart.o
    0x08003288   0x08003288   0x00000002   Code   RO         3301    i.HAL_UART_RxHalfCpltCallback  stm32f4xx_hal_uart.o
    0x0800328a   0x0800328a   0x00000002   Code   RO         3305    i.HAL_UART_TxCpltCallback  stm32f4xx_hal_uart.o
    0x0800328c   0x0800328c   0x00000002   Code   RO          642    i.HardFault_Handler  stm32f4xx_it.o
    0x0800328e   0x0800328e   0x00000002   PAD
    0x08003290   0x08003290   0x00000044   Code   RO          439    i.MX_CAN1_Init      can.o
    0x080032d4   0x080032d4   0x00000044   Code   RO          440    i.MX_CAN2_Init      can.o
    0x08003318   0x08003318   0x000000ac   Code   RO          486    i.MX_DMA_Init       dma.o
    0x080033c4   0x080033c4   0x00000068   Code   RO          365    i.MX_FREERTOS_Init  freertos.o
    0x0800342c   0x0800342c   0x00000090   Code   RO          244    i.MX_GPIO_Init      gpio.o
    0x080034bc   0x080034bc   0x00000068   Code   RO          516    i.MX_TIM10_Init     tim.o
    0x08003524   0x08003524   0x00000068   Code   RO          517    i.MX_TIM4_Init      tim.o
    0x0800358c   0x0800358c   0x00000038   Code   RO          569    i.MX_USART1_UART_Init  usart.o
    0x080035c4   0x080035c4   0x00000038   Code   RO          570    i.MX_USART2_UART_Init  usart.o
    0x080035fc   0x080035fc   0x00000038   Code   RO          571    i.MX_USART3_UART_Init  usart.o
    0x08003634   0x08003634   0x00000038   Code   RO          572    i.MX_USART6_UART_Init  usart.o
    0x0800366c   0x0800366c   0x00000002   Code   RO          643    i.MemManage_Handler  stm32f4xx_it.o
    0x0800366e   0x0800366e   0x00000002   Code   RO          644    i.NMI_Handler       stm32f4xx_it.o
    0x08003670   0x08003670   0x0000001c   Code   RO         5676    i.PWM_ReInit        drive_tim.o
    0x0800368c   0x0800368c   0x0000002a   Code   RO         5677    i.Set_PwmDuty       drive_tim.o
    0x080036b6   0x080036b6   0x0000001a   Code   RO         4814    i.SysTick_Handler   cmsis_os2.o
    0x080036d0   0x080036d0   0x00000094   Code   RO           15    i.SystemClock_Config  main.o
    0x08003764   0x08003764   0x00000010   Code   RO         3633    i.SystemInit        system_stm32f4xx.o
    0x08003774   0x08003774   0x00000080   Code   RO         7072    i.System_Resource_Init  service_config.o
    0x080037f4   0x080037f4   0x0000000c   Code   RO          645    i.TIM3_IRQHandler   stm32f4xx_it.o
    0x08003800   0x08003800   0x0000000c   Code   RO          646    i.TIM4_IRQHandler   stm32f4xx_it.o
    0x0800380c   0x0800380c   0x000000cc   Code   RO         2376    i.TIM_Base_SetConfig  stm32f4xx_hal_tim.o
    0x080038d8   0x080038d8   0x0000001a   Code   RO         2377    i.TIM_CCxChannelCmd  stm32f4xx_hal_tim.o
    0x080038f2   0x080038f2   0x00000014   Code   RO         2387    i.TIM_ETR_SetConfig  stm32f4xx_hal_tim.o
    0x08003906   0x08003906   0x00000010   Code   RO         2388    i.TIM_ITRx_SetConfig  stm32f4xx_hal_tim.o
    0x08003916   0x08003916   0x00000002   PAD
    0x08003918   0x08003918   0x00000068   Code   RO         2389    i.TIM_OC1_SetConfig  stm32f4xx_hal_tim.o
    0x08003980   0x08003980   0x00000074   Code   RO         2390    i.TIM_OC2_SetConfig  stm32f4xx_hal_tim.o
    0x080039f4   0x080039f4   0x00000070   Code   RO         2391    i.TIM_OC3_SetConfig  stm32f4xx_hal_tim.o
    0x08003a64   0x08003a64   0x00000054   Code   RO         2392    i.TIM_OC4_SetConfig  stm32f4xx_hal_tim.o
    0x08003ab8   0x08003ab8   0x00000022   Code   RO         2394    i.TIM_TI1_ConfigInputStage  stm32f4xx_hal_tim.o
    0x08003ada   0x08003ada   0x00000024   Code   RO         2396    i.TIM_TI2_ConfigInputStage  stm32f4xx_hal_tim.o
    0x08003afe   0x08003afe   0x00000002   PAD
    0x08003b00   0x08003b00   0x0000001c   Code   RO         5679    i.Timer_Init        drive_tim.o
    0x08003b1c   0x08003b1c   0x00000010   Code   RO         3307    i.UART_DMAAbortOnError  stm32f4xx_hal_uart.o
    0x08003b2c   0x08003b2c   0x0000004a   Code   RO         3308    i.UART_DMAError     stm32f4xx_hal_uart.o
    0x08003b76   0x08003b76   0x00000082   Code   RO         3309    i.UART_DMAReceiveCplt  stm32f4xx_hal_uart.o
    0x08003bf8   0x08003bf8   0x0000001a   Code   RO         3311    i.UART_DMARxHalfCplt  stm32f4xx_hal_uart.o
    0x08003c12   0x08003c12   0x0000004e   Code   RO         3317    i.UART_EndRxTransfer  stm32f4xx_hal_uart.o
    0x08003c60   0x08003c60   0x0000001a   Code   RO         3318    i.UART_EndTransmit_IT  stm32f4xx_hal_uart.o
    0x08003c7a   0x08003c7a   0x0000001c   Code   RO         3319    i.UART_EndTxTransfer  stm32f4xx_hal_uart.o
    0x08003c96   0x08003c96   0x000000c6   Code   RO         3320    i.UART_Receive_IT   stm32f4xx_hal_uart.o
    0x08003d5c   0x08003d5c   0x00000114   Code   RO         3321    i.UART_SetConfig    stm32f4xx_hal_uart.o
    0x08003e70   0x08003e70   0x00000098   Code   RO         3322    i.UART_Start_Receive_DMA  stm32f4xx_hal_uart.o
    0x08003f08   0x08003f08   0x0000005e   Code   RO         3324    i.UART_Transmit_IT  stm32f4xx_hal_uart.o
    0x08003f66   0x08003f66   0x00000002   PAD
    0x08003f68   0x08003f68   0x0000001c   Code   RO          647    i.USART1_IRQHandler  stm32f4xx_it.o
    0x08003f84   0x08003f84   0x0000001c   Code   RO          648    i.USART2_IRQHandler  stm32f4xx_it.o
    0x08003fa0   0x08003fa0   0x0000001c   Code   RO          649    i.USART3_IRQHandler  stm32f4xx_it.o
    0x08003fbc   0x08003fbc   0x0000001c   Code   RO          650    i.USART6_IRQHandler  stm32f4xx_it.o
    0x08003fd8   0x08003fd8   0x00000012   Code   RO         5749    i.Uart_Receive_Handler  drive_uart.o
    0x08003fea   0x08003fea   0x00000002   PAD
    0x08003fec   0x08003fec   0x00000040   Code   RO         5750    i.Uart_Rx_Idle_Callback  drive_uart.o
    0x0800402c   0x0800402c   0x00000010   Code   RO         5680    i.Update_SystemTick  drive_tim.o
    0x0800403c   0x0800403c   0x00000002   Code   RO          651    i.UsageFault_Handler  stm32f4xx_it.o
    0x0800403e   0x0800403e   0x00000008   Code   RO         7198    i.User_Debug_Task   user_debug.o
    0x08004046   0x08004046   0x00000002   PAD
    0x08004048   0x08004048   0x000000d0   Code   RO         7369    i._Z16Chassis_Pid_Initv  chassis_task.o
    0x08004118   0x08004118   0x000000ba   Code   RO         6655    i._ZN10Motor_Base12update_angleEPh  chassis_swerve.o
    0x080041d2   0x080041d2   0x00000092   Code   RO         7270    i._ZN10Motor_C62014CanMsg_ProcessER9CAN_TxMsg  user_debug.o
    0x08004264   0x08004264   0x00000026   Code   RO         7031    i._ZN10Motor_C6206updateEPh  service_communication.o
    0x0800428a   0x0800428a   0x00000002   PAD
    0x0800428c   0x0800428c   0x00000034   Code   RO         7402    i._ZN10Motor_C620C1Eh  chassis_task.o
    0x080042c0   0x080042c0   0x00000002   Code   RO         7237    i._ZN10Motor_C620D1Ev  user_debug.o
    0x080042c2   0x080042c2   0x0000000c   Code   RO         6689    i._ZN11Motor_Speed12update_speedEPh  chassis_swerve.o
    0x080042ce   0x080042ce   0x00000002   PAD
    0x080042d0   0x080042d0   0x00000030   Code   RO         7231    i._ZN11Motor_SpeedC2Eh  user_debug.o
    0x08004300   0x08004300   0x00000014   Code   RO         6803    i._ZN12Chassis_Base19getMicroTick_registEPFjvE  chassis_base.o
    0x08004314   0x08004314   0x00000020   Code   RO         6289    i._ZN12Chassis_Base25ChassisVel_Trans_MotorRPMEff  omni_chassis.o
    0x08004334   0x08004334   0x00000010   Code   RO         6239    i._ZN12Omni_Chassis13Motor_ControlEv  omni_chassis.o
    0x08004344   0x08004344   0x0000001a   Code   RO         6240    i._ZN12Omni_Chassis13Pid_Mode_InitEiffbb  omni_chassis.o
    0x0800435e   0x0800435e   0x00000020   Code   RO         6241    i._ZN12Omni_Chassis14Pid_Param_InitEiffffff  omni_chassis.o
    0x0800437e   0x0800437e   0x0000014c   Code   RO         6242    i._ZN12Omni_Chassis18Velocity_CalculateE13Robot_Twist_t  omni_chassis.o
    0x080044ca   0x080044ca   0x00000068   Code   RO         6243    i._ZN12Omni_Chassis7ControlE13Robot_Twist_t  omni_chassis.o
    0x08004532   0x08004532   0x00000002   PAD
    0x08004534   0x08004534   0x000000fc   Code   RO         7408    i._ZN12Omni_ChassisC1Efffi  chassis_task.o
    0x08004630   0x08004630   0x0000001c   Code   RO         7414    i._ZN12Omni_ChassisD1Ev  chassis_task.o
    0x0800464c   0x0800464c   0x00000014   Code   RO         5916    i._ZN13LowPassFilter1fEf  filter.o
    0x08004660   0x08004660   0x0000000e   Code   RO         5917    i._ZN13LowPassFilter2inEf  filter.o
    0x0800466e   0x0800466e   0x0000001e   Code   RO         5918    i._ZN13LowPassFilter3outEv  filter.o
    0x0800468c   0x0800468c   0x00000018   Code   RO         7423    i._ZN13LowPassFilterC1Ef  chassis_task.o
    0x080046a4   0x080046a4   0x00000016   Code   RO         6018    i._ZN3PID14PID_Param_InitEffffff  pid.o
    0x080046ba   0x080046ba   0x00000002   PAD
    0x080046bc   0x080046bc   0x0000020c   Code   RO         6019    i._ZN3PID6AdjustEv  pid.o
    0x080048c8   0x080048c8   0x0000008c   Code   RO         7417    i._ZN3PIDC1Ev       chassis_task.o
    0x08004954   0x08004954   0x00000024   Code   RO         6723    i._ZN4VESC12update_angleEPh  chassis_swerve.o
    0x08004978   0x08004978   0x00000074   Code   RO         6717    i._ZN4VESC12update_speedEPh  chassis_swerve.o
    0x080049ec   0x080049ec   0x00000002   Code   RO         6583    i._ZN4VESCD1Ev      chassis_swerve.o
    0x080049ee   0x080049ee   0x00000014   Code   RO         6729    i._ZN5Tools22_tool_buffer_get_int16EPKhPi  chassis_swerve.o
    0x08004a02   0x08004a02   0x00000002   PAD
    0x08004a04   0x08004a04   0x00000090   Code   RO         6094    i._ZN6AirJoy11data_updateEtt  air_joy.o
    0x08004a94   0x08004a94   0x00000014   Code   RO         6095    i._ZN6AirJoy19getMicroTick_registEPFjvE  air_joy.o
    0x08004aa8   0x08004aa8   0x00000070   Code   RO         6020    i._ZN8PidTimer16update_timeStampEv  pid.o
    0x08004b18   0x08004b18   0x00000014   Code   RO         6021    i._ZN8PidTimer19getMicroTick_registEPFjvE  pid.o
    0x08004b2c   0x08004b2c   0x00000002   Code   RO         7125    i._ZN9DM_DriverD1Ev  service_config.o
    0x08004b2e   0x08004b2e   0x00000002   PAD
    0x08004b30   0x08004b30   0x0000000c   Code   RO         6668    i._ZNK10Motor_Base19ENCODER_ANGLE_RATIOEv  chassis_swerve.o
    0x08004b3c   0x08004b3c   0x00000004   Code   RO         6649    i._ZNK10Motor_Base21GET_MOTOR_DESCRIPTIONEv  chassis_swerve.o
    0x08004b40   0x08004b40   0x0000000c   Code   RO         7264    i._ZNK10Motor_C62011MAX_CURRENTEv  user_debug.o
    0x08004b4c   0x08004b4c   0x00000004   Code   RO         7277    i._ZNK10Motor_C62021GET_MOTOR_DESCRIPTIONEv  user_debug.o
    0x08004b50   0x08004b50   0x00000006   Code   RO         7258    i._ZNK9RM_Common11send_id_lowEv  user_debug.o
    0x08004b56   0x08004b56   0x00000006   Code   RO         7252    i._ZNK9RM_Common12send_id_highEv  user_debug.o
    0x08004b5c   0x08004b5c   0x00000004   Code   RO         6595    i._ZSt3cosf         chassis_swerve.o
    0x08004b60   0x08004b60   0x00000004   Code   RO         6601    i._ZSt3sinf         chassis_swerve.o
    0x08004b64   0x08004b64   0x00000026   Code   RO         7914    i.__ARM_fpclassifyf  m_wm.l(fpclassifyf.o)
    0x08004b8a   0x08004b8a   0x00000020   Code   RO         1906    i.__NVIC_SetPriority  stm32f4xx_hal_cortex.o
    0x08004baa   0x08004baa   0x00000024   Code   RO         7695    i.__aeabi_vec_ctor_nocookie_nodtor  cpprt_w.l(aeabi_vec_ctor_nocookie_nodtor.o)
    0x08004bce   0x08004bce   0x00000002   PAD
    0x08004bd0   0x08004bd0   0x00000150   Code   RO         7727    i.__hardfp_cosf     m_wm.l(cosf.o)
    0x08004d20   0x08004d20   0x00000190   Code   RO         7739    i.__hardfp_sinf     m_wm.l(sinf.o)
    0x08004eb0   0x08004eb0   0x00000006   Code   RO         7917    i.__mathlib_flt_infnan  m_wm.l(funder.o)
    0x08004eb6   0x08004eb6   0x00000002   PAD
    0x08004eb8   0x08004eb8   0x00000010   Code   RO         7919    i.__mathlib_flt_invalid  m_wm.l(funder.o)
    0x08004ec8   0x08004ec8   0x00000010   Code   RO         7922    i.__mathlib_flt_underflow  m_wm.l(funder.o)
    0x08004ed8   0x08004ed8   0x00000154   Code   RO         7930    i.__mathlib_rredf2  m_wm.l(rredf.o)
    0x0800502c   0x0800502c   0x00000030   Code   RO         6096    i.__sti___11_air_joy_cpp_air_joy  air_joy.o
    0x0800505c   0x0800505c   0x000000cc   Code   RO         7199    i.__sti___14_user_debug_cpp_M3508  user_debug.o
    0x08005128   0x08005128   0x0000003c   Code   RO         7370    i.__sti___16_chassis_task_cpp_chassis  chassis_task.o
    0x08005164   0x08005164   0x00000030   Code   RO         5478    i.comm_can_transmit_extid  drive_can.o
    0x08005194   0x08005194   0x0000002e   Code   RO         5479    i.comm_can_transmit_stdid  drive_can.o
    0x080051c2   0x080051c2   0x00000042   Code   RO           16    i.main              main.o
    0x08005204   0x08005204   0x0000001c   Code   RO         4816    i.osDelay           cmsis_os2.o
    0x08005220   0x08005220   0x00000028   Code   RO         4830    i.osKernelInitialize  cmsis_os2.o
    0x08005248   0x08005248   0x00000038   Code   RO         4833    i.osKernelStart     cmsis_os2.o
    0x08005280   0x08005280   0x000000ba   Code   RO         4875    i.osThreadNew       cmsis_os2.o
    0x0800533a   0x0800533a   0x00000002   PAD
    0x0800533c   0x0800533c   0x00000060   Code   RO         4251    i.prvAddCurrentTaskToDelayedList  tasks.o
    0x0800539c   0x0800539c   0x00000088   Code   RO         4252    i.prvAddNewTaskToReadyList  tasks.o
    0x08005424   0x08005424   0x00000058   Code   RO         4627    i.prvCheckForValidListAndQueue  timers.o
    0x0800547c   0x0800547c   0x0000003c   Code   RO         4253    i.prvCheckTasksWaitingTermination  tasks.o
    0x080054b8   0x080054b8   0x00000028   Code   RO         3838    i.prvCopyDataFromQueue  queue.o
    0x080054e0   0x080054e0   0x0000006e   Code   RO         3839    i.prvCopyDataToQueue  queue.o
    0x0800554e   0x0800554e   0x00000040   Code   RO         4254    i.prvDeleteTCB      tasks.o
    0x0800558e   0x0800558e   0x00000002   PAD
    0x08005590   0x08005590   0x00000024   Code   RO         4628    i.prvGetNextExpireTime  timers.o
    0x080055b4   0x080055b4   0x0000004c   Code   RO         5339    i.prvHeapInit       heap_4.o
    0x08005600   0x08005600   0x00000028   Code   RO         4255    i.prvIdleTask       tasks.o
    0x08005628   0x08005628   0x00000022   Code   RO         3842    i.prvInitialiseNewQueue  queue.o
    0x0800564a   0x0800564a   0x000000a8   Code   RO         4256    i.prvInitialiseNewTask  tasks.o
    0x080056f2   0x080056f2   0x00000002   PAD
    0x080056f4   0x080056f4   0x00000058   Code   RO         4257    i.prvInitialiseTaskLists  tasks.o
    0x0800574c   0x0800574c   0x00000054   Code   RO         5340    i.prvInsertBlockIntoFreeList  heap_4.o
    0x080057a0   0x080057a0   0x00000040   Code   RO         4630    i.prvInsertTimerInActiveList  timers.o
    0x080057e0   0x080057e0   0x0000001a   Code   RO         3843    i.prvIsQueueEmpty   queue.o
    0x080057fa   0x080057fa   0x0000001e   Code   RO         3844    i.prvIsQueueFull    queue.o
    0x08005818   0x08005818   0x00000068   Code   RO         4631    i.prvProcessExpiredTimer  timers.o
    0x08005880   0x08005880   0x000000fc   Code   RO         4632    i.prvProcessReceivedCommands  timers.o
    0x0800597c   0x0800597c   0x0000006c   Code   RO         4633    i.prvProcessTimerOrBlockTask  timers.o
    0x080059e8   0x080059e8   0x00000024   Code   RO         4259    i.prvResetNextTaskUnblockTime  tasks.o
    0x08005a0c   0x08005a0c   0x0000002c   Code   RO         4634    i.prvSampleTimeNow  timers.o
    0x08005a38   0x08005a38   0x00000070   Code   RO         4635    i.prvSwitchTimerLists  timers.o
    0x08005aa8   0x08005aa8   0x0000002c   Code   RO         5395    i.prvTaskExitError  port.o
    0x08005ad4   0x08005ad4   0x00000014   Code   RO         4636    i.prvTimerTask      timers.o
    0x08005ae8   0x08005ae8   0x0000006a   Code   RO         3845    i.prvUnlockQueue    queue.o
    0x08005b52   0x08005b52   0x00000002   PAD
    0x08005b54   0x08005b54   0x000000dc   Code   RO         5341    i.pvPortMalloc      heap_4.o
    0x08005c30   0x08005c30   0x00000024   Code   RO         5396    i.pxPortInitialiseStack  port.o
    0x08005c54   0x08005c54   0x00000026   Code   RO         3798    i.uxListRemove      list.o
    0x08005c7a   0x08005c7a   0x00000002   PAD
    0x08005c7c   0x08005c7c   0x00000014   Code   RO         4887    i.vApplicationGetIdleTaskMemory  cmsis_os2.o
    0x08005c90   0x08005c90   0x00000018   Code   RO         4888    i.vApplicationGetTimerTaskMemory  cmsis_os2.o
    0x08005ca8   0x08005ca8   0x00000016   Code   RO         3799    i.vListInitialise   list.o
    0x08005cbe   0x08005cbe   0x00000006   Code   RO         3800    i.vListInitialiseItem  list.o
    0x08005cc4   0x08005cc4   0x00000030   Code   RO         3801    i.vListInsert       list.o
    0x08005cf4   0x08005cf4   0x00000018   Code   RO         3802    i.vListInsertEnd    list.o
    0x08005d0c   0x08005d0c   0x00000040   Code   RO         5398    i.vPortEnterCritical  port.o
    0x08005d4c   0x08005d4c   0x0000002c   Code   RO         5399    i.vPortExitCritical  port.o
    0x08005d78   0x08005d78   0x00000064   Code   RO         5342    i.vPortFree         heap_4.o
    0x08005ddc   0x08005ddc   0x00000024   Code   RO         5400    i.vPortSetupTimerInterrupt  port.o
    0x08005e00   0x08005e00   0x00000054   Code   RO         5401    i.vPortValidateInterruptPriority  port.o
    0x08005e54   0x08005e54   0x00000024   Code   RO         3851    i.vQueueAddToRegistry  queue.o
    0x08005e78   0x08005e78   0x00000046   Code   RO         3855    i.vQueueWaitForMessageRestricted  queue.o
    0x08005ebe   0x08005ebe   0x00000002   PAD
    0x08005ec0   0x08005ec0   0x00000050   Code   RO         4272    i.vTaskDelay        tasks.o
    0x08005f10   0x08005f10   0x00000010   Code   RO         4277    i.vTaskInternalSetTimeOutState  tasks.o
    0x08005f20   0x08005f20   0x0000000c   Code   RO         4278    i.vTaskMissedYield  tasks.o
    0x08005f2c   0x08005f2c   0x00000034   Code   RO         4280    i.vTaskPlaceOnEventList  tasks.o
    0x08005f60   0x08005f60   0x0000003c   Code   RO         4281    i.vTaskPlaceOnEventListRestricted  tasks.o
    0x08005f9c   0x08005f9c   0x00000090   Code   RO         4289    i.vTaskStartScheduler  tasks.o
    0x0800602c   0x0800602c   0x00000010   Code   RO         4291    i.vTaskSuspendAll   tasks.o
    0x0800603c   0x0800603c   0x00000068   Code   RO         4292    i.vTaskSwitchContext  tasks.o
    0x080060a4   0x080060a4   0x000000f4   Code   RO         5402    i.xPortStartScheduler  port.o
    0x08006198   0x08006198   0x0000002c   Code   RO         5403    i.xPortSysTickHandler  port.o
    0x080061c4   0x080061c4   0x00000044   Code   RO         3860    i.xQueueGenericCreate  queue.o
    0x08006208   0x08006208   0x0000006c   Code   RO         3861    i.xQueueGenericCreateStatic  queue.o
    0x08006274   0x08006274   0x0000008c   Code   RO         3862    i.xQueueGenericReset  queue.o
    0x08006300   0x08006300   0x00000164   Code   RO         3863    i.xQueueGenericSend  queue.o
    0x08006464   0x08006464   0x000000c0   Code   RO         3864    i.xQueueGenericSendFromISR  queue.o
    0x08006524   0x08006524   0x0000013c   Code   RO         3873    i.xQueueReceive     queue.o
    0x08006660   0x08006660   0x0000007c   Code   RO         4294    i.xTaskCheckForTimeOut  tasks.o
    0x080066dc   0x080066dc   0x00000064   Code   RO         4295    i.xTaskCreate       tasks.o
    0x08006740   0x08006740   0x0000005c   Code   RO         4296    i.xTaskCreateStatic  tasks.o
    0x0800679c   0x0800679c   0x0000001c   Code   RO         4300    i.xTaskGetSchedulerState  tasks.o
    0x080067b8   0x080067b8   0x0000000c   Code   RO         4301    i.xTaskGetTickCount  tasks.o
    0x080067c4   0x080067c4   0x000000cc   Code   RO         4303    i.xTaskIncrementTick  tasks.o
    0x08006890   0x08006890   0x0000007c   Code   RO         4306    i.xTaskPriorityDisinherit  tasks.o
    0x0800690c   0x0800690c   0x00000078   Code   RO         4308    i.xTaskRemoveFromEventList  tasks.o
    0x08006984   0x08006984   0x000000c8   Code   RO         4309    i.xTaskResumeAll    tasks.o
    0x08006a4c   0x08006a4c   0x00000068   Code   RO         4645    i.xTimerCreateTimerTask  timers.o
    0x08006ab4   0x08006ab4   0x0000006c   Code   RO         4646    i.xTimerGenericCommand  timers.o
    0x08006b20   0x08006b20   0x00000060   Code   RO         6281    t._Z14Motor_SendMsgsI10Motor_C620Li3EEvP19__CAN_HandleTypeDefRAT0__T_  omni_chassis.o
    0x08006b80   0x08006b80   0x00000024   Code   RO         7224    t._Z16motor_constraintIfEvPT_S0_S0_  user_debug.o
    0x08006ba4   0x08006ba4   0x00000024   Code   RO         6053    t._ZN5Tools15_tool_ConstrainIfEEvPT_S1_S1_  pid.o
    0x08006bc8   0x08006bc8   0x00000010   Code   RO         6047    t._ZN5Tools9_tool_AbsIfEET_S1_  pid.o
    0x08006bd8   0x08006bd8   0x00000062   Code   RO         7701    x$fpl$d2f           fz_wm.l(d2f.o)
    0x08006c3a   0x08006c3a   0x00000002   PAD
    0x08006c3c   0x08006c3c   0x000002b0   Code   RO         7704    x$fpl$ddiv          fz_wm.l(ddiv.o)
    0x08006eec   0x08006eec   0x0000002e   Code   RO         7708    x$fpl$dflt          fz_wm.l(dflt_clz.o)
    0x08006f1a   0x08006f1a   0x00000002   PAD
    0x08006f1c   0x08006f1c   0x00000154   Code   RO         7713    x$fpl$dmul          fz_wm.l(dmul.o)
    0x08007070   0x08007070   0x0000009c   Code   RO         7907    x$fpl$dnaninf       fz_wm.l(dnaninf.o)
    0x0800710c   0x0800710c   0x0000000c   Code   RO         7909    x$fpl$dretinf       fz_wm.l(dretinf.o)
    0x08007118   0x08007118   0x0000000a   Code   RO         8029    x$fpl$fpinit        fz_wm.l(fpinit.o)
    0x08007122   0x08007122   0x0000000a   Code   RO         7911    x$fpl$fretinf       fz_wm.l(fretinf.o)
    0x0800712c   0x0800712c   0x00000000   Code   RO         7913    x$fpl$usenofp       fz_wm.l(usenofp.o)
    0x0800712c   0x0800712c   0x000000b4   Data   RO          366    .constdata          freertos.o
    0x080071e0   0x080071e0   0x00000008   Data   RO         1623    .constdata          stm32f4xx_hal_dma.o
    0x080071e8   0x080071e8   0x00000010   Data   RO         3634    .constdata          system_stm32f4xx.o
    0x080071f8   0x080071f8   0x00000008   Data   RO         3635    .constdata          system_stm32f4xx.o
    0x08007200   0x08007200   0x00000014   Data   RO         6102    .constdata          air_joy.o
    0x08007214   0x08007214   0x00000038   Data   RO         7375    .constdata          chassis_task.o
    0x0800724c   0x0800724c   0x0000001c   Data   RO         7491    .constdata          fsm_joy.o
    0x08007268   0x08007268   0x00000020   Data   RO         7931    .constdata          m_wm.l(rredf.o)
    0x08007288   0x08007288   0x00000044   Data   RO         7241    .constdata__ZTV10Motor_C620  user_debug.o
    0x080072cc   0x080072cc   0x0000003c   Data   RO         6610    .constdata__ZTV11Motor_Speed  chassis_swerve.o
    0x08007308   0x08007308   0x0000003c   Data   RO         6612    .constdata__ZTV4VESC  chassis_swerve.o
    0x08007344   0x08007344   0x00000040   Data   RO         7132    .constdata__ZTV9DM_Driver  service_config.o
    0x08007384   0x08007384   0x00000034   Data   RO          367    .conststring        freertos.o
    0x080073b8   0x080073b8   0x00000020   Data   RO         8136    Region$$Table       anon$$obj.o
    0x080073d8   0x080073d8   0x00000004   Data   RO         6104    .init_array         air_joy.o
    0x080073dc   0x080073d8   0x00000004   Data   RO         7203    .init_array         user_debug.o
    0x080073e0   0x080073d8   0x00000004   Data   RO         7376    .init_array         chassis_task.o
    0x080073e4   0x080073d8   0x00000000   Data   RO         7578    .init_array         c_w.l(init_aeabi.o)


    Execution Region RW_IRAM2 (Exec base: 0x10000000, Load base: 0x080074ec, Size: 0x00000000, Max: 0x00010000, ABSOLUTE)

    **** No section assigned to this execution region ****


    Execution Region RW_IRAM1 (Exec base: 0x20000000, Load base: 0x080073e4, Size: 0x00005a08, Max: 0x00020000, ABSOLUTE)

    Exec Addr    Load Addr    Size         Type   Attr      Idx    E Section Name        Object

    0x20000000   0x080073e4   0x00000014   Data   RW          368    .data               freertos.o
    0x20000014   0x080073f8   0x00000004   Data   RW          442    .data               can.o
    0x20000018   0x080073fc   0x0000000c   Data   RW         2050    .data               stm32f4xx_hal.o
    0x20000024   0x08007408   0x00000004   Data   RW         3636    .data               system_stm32f4xx.o
    0x20000028   0x0800740c   0x0000003c   Data   RW         4312    .data               tasks.o
    0x20000064   0x08007448   0x00000014   Data   RW         4654    .data               timers.o
    0x20000078   0x0800745c   0x00000004   Data   RW         4890    .data               cmsis_os2.o
    0x2000007c   0x08007460   0x00000020   Data   RW         5348    .data               heap_4.o
    0x2000009c   0x08007480   0x0000000c   Data   RW         5404    .data               port.o
    0x200000a8   0x0800748c   0x00000008   Data   RW         5481    .data               drive_can.o
    0x200000b0   0x08007494   0x0000000c   Data   RW         5683    .data               drive_tim.o
    0x200000bc   0x080074a0   0x00000002   Data   RW         5754    .data               drive_uart.o
    0x200000be   0x080074a2   0x00000002   PAD
    0x200000c0   0x080074a4   0x00000004   Data   RW         6026    .data               pid.o
    0x200000c4   0x080074a8   0x00000008   Data   RW         6103    .data               air_joy.o
    0x200000cc   0x080074b0   0x00000020   Data   RW         6498    .data               chassis_swerve.o
    0x200000ec   0x080074d0   0x0000001c   Data   RW         6850    .data               data_pool.o
    0x20000108        -       0x00000050   Zero   RW          441    .bss                can.o
    0x20000158        -       0x00000090   Zero   RW          518    .bss                tim.o
    0x200001e8        -       0x00000410   Zero   RW          573    .bss                usart.o
    0x200005f8        -       0x00000048   Zero   RW          834    .bss                stm32f4xx_hal_timebase_tim.o
    0x20000640        -       0x00000040   Zero   RW         3877    .bss                queue.o
    0x20000680        -       0x000004c4   Zero   RW         4311    .bss                tasks.o
    0x20000b44        -       0x00000118   Zero   RW         4653    .bss                timers.o
    0x20000c5c        -       0x000006b8   Zero   RW         4889    .bss                cmsis_os2.o
    0x20001314        -       0x00003c00   Zero   RW         5347    .bss                heap_4.o
    0x20004f14        -       0x00000048   Zero   RW         5480    .bss                drive_can.o
    0x20004f5c        -       0x00000040   Zero   RW         5753    .bss                drive_uart.o
    0x20004f9c        -       0x00000034   Zero   RW         6101    .bss                air_joy.o
    0x20004fd0        -       0x000000bc   Zero   RW         7202    .bss                user_debug.o
    0x2000508c   0x080074ec   0x00000004   PAD
    0x20005090        -       0x00000318   Zero   RW         7374    .bss                chassis_task.o
    0x200053a8        -       0x00000060   Zero   RW         7934    .bss                c_w.l(libspace.o)
    0x20005408        -       0x00000200   Zero   RW            2    HEAP                startup_stm32f407xx.o
    0x20005608        -       0x00000400   Zero   RW            1    STACK               startup_stm32f407xx.o


==============================================================================

Image component sizes


      Code (inc. data)   RO Data    RW Data    ZI Data      Debug   Object Name

       240         26         24          8         52       8276   air_joy.o
       428         40          0          4         80       2538   can.o
        20          4          0          0          0       1832   chassis_base.o
       396         20        120         32          0      22267   chassis_swerve.o
       832        114         60          0        792      16420   chassis_task.o
       380         24          0          4       1720      64803   cmsis_os2.o
        96          6          0         28          0       2612   data_pool.o
       172          4          0          0          0        862   dma.o
       468         48          0          8         72       6349   drive_can.o
         0          0          0          0          0        504   drive_iic.o
       144         18          0         12          0       4029   drive_tim.o
        82          4          0          2         64       2349   drive_uart.o
         0          0          0          0          0      19448   event_groups.o
        64          0          0          0          0       5464   filter.o
       104         30        232         20          0      12380   freertos.o
       336         36         28          0          0        727   fsm_joy.o
       144          8          0          0          0     697075   gpio.o
       480         26          0         32      15360       4991   heap_4.o
       138          0          0          0          0       3562   list.o
       262         20          0          0          0     676104   main.o
       638         32          0          0          0     621296   omni_chassis.o
       730         22          0          4          0       9788   pid.o
       786         84          0         12          0      11597   port.o
      1632         20          0          0         64      18778   queue.o
       216         22          0          0          0      11233   service_communication.o
       178         36         64          0          0      10109   service_config.o
        64         26        392          0       1536        844   startup_stm32f407xx.o
        80         14          0         12          0       8078   stm32f4xx_hal.o
      1812          6          0          0          0      14801   stm32f4xx_hal_can.o
       158         14          0          0          0      33234   stm32f4xx_hal_cortex.o
      1170         14          8          0          0       7506   stm32f4xx_hal_dma.o
       488         50          0          0          0       2259   stm32f4xx_hal_gpio.o
        56          4          0          0          0        854   stm32f4xx_hal_msp.o
      1532         84          0          0          0       6985   stm32f4xx_hal_rcc.o
      2084        140          0          0          0      16924   stm32f4xx_hal_tim.o
       148         30          0          0          0       2525   stm32f4xx_hal_tim_ex.o
       152         20          0          0         72       1551   stm32f4xx_hal_timebase_tim.o
      1918         30          0          0          0      15477   stm32f4xx_hal_uart.o
       298        124          0          0          0      11936   stm32f4xx_it.o
         0          0          0          0          0        392   stream_buffer.o
        16          4         24          4          0       1127   system_stm32f4xx.o
      2176        186          0         60       1220      28074   tasks.o
       380         46          0          0        144       3027   tim.o
      1040         88          0         20        280      33127   timers.o
      1232         84          0          0       1040       4713   usart.o
       472         62         72          0        188      12649   user_debug.o

    ----------------------------------------------------------------------
     24308       1670       1056        264      22688    2441476   Object Totals
         0          0         32          0          0          0   (incl. Generated)
        66          0          0          2          4          0   (incl. Padding)

    ----------------------------------------------------------------------

      Code (inc. data)   RO Data    RW Data    ZI Data      Debug   Library Member Name

         8          0          0          0          0         68   __main.o
         0          0          0          0          0          0   __rtentry.o
        12          0          0          0          0          0   __rtentry2.o
         6          0          0          0          0          0   __rtentry4.o
        52          8          0          0          0          0   __scatter.o
        26          0          0          0          0          0   __scatter_copy.o
        28          0          0          0          0          0   __scatter_zi.o
        22          0          0          0          0        100   _rserrno.o
        46          0          0          0          0         84   aeabi_atexit.o
        16          0          0          0          0         68   aeabi_memset.o
        66          0          0          0          0         84   cxa_finalize.o
        10          0          0          0          0         68   defsig_exit.o
        50          0          0          0          0         88   defsig_general.o
        80         58          0          0          0         76   defsig_rtmem_inner.o
        14          0          0          0          0         80   defsig_rtmem_outer.o
        18          0          0          0          0         80   exit.o
        94          0          0          0          0         80   h1_alloc.o
        52          0          0          0          0         68   h1_extend.o
        78          0          0          0          0         80   h1_free.o
        14          0          0          0          0         84   h1_init.o
         6          0          0          0          0        152   heapauxi.o
         4          0          0          0          0        136   hguard.o
         0          0          0          0          0          0   indicate_semi.o
        36         10          0          0          0         80   init_aeabi.o
       138          0          0          0          0        168   init_alloc.o
         2          0          0          0          0          0   libinit.o
        18          0          0          0          0          0   libinit2.o
         2          0          0          0          0          0   libshutdown.o
         8          0          0          0          0          0   libshutdown2.o
         8          4          0          0         96         68   libspace.o
       238          0          0          0          0        100   lludivv7m.o
         0          0          0          0          0          0   maybetermalloc1.o
         8          4          0          0          0         68   rt_ddtor_pointer_addr_intlibspace.o
         8          4          0          0          0         68   rt_errno_addr_intlibspace.o
         8          4          0          0          0         68   rt_heap_descriptor_intlibspace.o
        68          0          0          0          0         68   rt_memclr.o
        78          0          0          0          0         80   rt_memclr_w.o
       138          0          0          0          0         68   rt_memcpy_v6.o
       100          0          0          0          0         80   rt_memcpy_w.o
         2          0          0          0          0          0   rtexit.o
        10          0          0          0          0          0   rtexit2.o
        12          4          0          0          0         68   sys_exit.o
        74          0          0          0          0         80   sys_stackheap_outer.o
        14          0          0          0          0         76   sys_wrch.o
         2          0          0          0          0         68   use_no_semi.o
        36          0          0          0          0         84   aeabi_vec_ctor_nocookie_nodtor.o
        34          0          0          0          0         84   aeabi_vec_dtor_noexceptions.o
        98          4          0          0          0        140   d2f.o
       688        140          0          0          0        256   ddiv.o
        46          0          0          0          0        116   dflt_clz.o
       340         12          0          0          0        152   dmul.o
       156          4          0          0          0        140   dnaninf.o
        12          0          0          0          0        116   dretinf.o
        10          0          0          0          0        116   fpinit.o
        10          0          0          0          0        116   fretinf.o
         0          0          0          0          0          0   usenofp.o
       336         56          0          0          0        136   cosf.o
        38          0          0          0          0        116   fpclassifyf.o
        38         12          0          0          0        348   funder.o
       340         24         32          0          0        160   rredf.o
       400         56          0          0          0        212   sinf.o

    ----------------------------------------------------------------------
      4272        404         32          0         96       4896   Library Totals
        16          0          0          0          0          0   (incl. Padding)

    ----------------------------------------------------------------------

      Code (inc. data)   RO Data    RW Data    ZI Data      Debug   Library Name

      1674         96          0          0         96       2604   c_w.l
        70          0          0          0          0        168   cpprt_w.l
      1360        160          0          0          0       1152   fz_wm.l
      1152        148         32          0          0        972   m_wm.l

    ----------------------------------------------------------------------
      4272        404         32          0         96       4896   Library Totals

    ----------------------------------------------------------------------

==============================================================================


      Code (inc. data)   RO Data    RW Data    ZI Data      Debug   

     28580       2074       1088        264      22784    2416212   Grand Totals
     28580       2074       1088        264      22784    2416212   ELF Image Totals
     28580       2074       1088        264          0          0   ROM Totals

==============================================================================

    Total RO  Size (Code + RO Data)                29668 (  28.97kB)
    Total RW  Size (RW Data + ZI Data)             23048 (  22.51kB)
    Total ROM Size (Code + RO Data + RW Data)      29932 (  29.23kB)

==============================================================================

